14:43:25 **** Build of project wideBRAM_bsp ****
make -k all 
libgen -hw ../wideBRAM/system.xml\
	       \
	       -pe ps7_cortexa9_0 \
	       -log libgen.log \
	       system.mss
libgen
Xilinx EDK 2013.3 Build EDK_P.20131013
Copyright (c) 1995-2012 Xilinx, Inc.  All rights reserved.

Command Line: libgen -hw ../wideBRAM/system.xml -pe ps7_cortexa9_0 -log
libgen.log system.mss 


Staging source files.
Running DRCs.
Running generate.
Running post_generate.
Running include - 'gmake -s include "COMPILER=arm-xilinx-eabi-gcc"
"ARCHIVER=arm-xilinx-eabi-ar" "COMPILER_FLAGS= -O2 -c"
"EXTRA_COMPILER_FLAGS=-g"'.

Running libs - 'gmake -s libs "COMPILER=arm-xilinx-eabi-gcc"
"ARCHIVER=arm-xilinx-eabi-ar" "COMPILER_FLAGS= -O2 -c"
"EXTRA_COMPILER_FLAGS=-g"'.
Compiling common
arm-xilinx-eabi-ar: creating ../../../lib/libxil.a
Compiling standalone
Compiling axicdma
Compiling devcfg
Compiling dmaps
Compiling emacps
Compiling gpiops
Compiling iicps
Compiling qspips
Compiling scugic
Compiling scutimer
Compiling scuwdt
Compiling ttcps
Compiling uartps
Compiling usbps
Compiling xadcps
Compiling cpu_cortexa9
Running execs_generate.
Finished building libraries
14:44:10 **** Build of configuration Debug for project bramExample ****
make all 
Building file: ../src/helloworld.c
Invoking: ARM gcc compiler
arm-xilinx-eabi-gcc -Wall -O0 -g3 -c -fmessage-length=0 -I../../wideBRAM_bsp/ps7_cortexa9_0/include -MMD -MP -MF"src/helloworld.d" -MT"src/helloworld.d" -o "src/helloworld.o" "../src/helloworld.c"
Finished building: ../src/helloworld.c
 
Building file: ../src/platform.c
Invoking: ARM gcc compiler
arm-xilinx-eabi-gcc -Wall -O0 -g3 -c -fmessage-length=0 -I../../wideBRAM_bsp/ps7_cortexa9_0/include -MMD -MP -MF"src/platform.d" -MT"src/platform.d" -o "src/platform.o" "../src/platform.c"
Finished building: ../src/platform.c
 
Building target: bramExample.elf
Invoking: ARM gcc linker
arm-xilinx-eabi-gcc -Wl,-T -Wl,../src/lscript.ld -L../../wideBRAM_bsp/ps7_cortexa9_0/lib -o "bramExample.elf"  ./src/helloworld.o ./src/platform.o   -Wl,--start-group,-lxil,-lgcc,-lc,--end-group
Finished building target: bramExample.elf
 
Invoking: ARM Print Size
arm-xilinx-eabi-size bramExample.elf  |tee "bramExample.elf.size"
   text	   data	    bss	    dec	    hex	filename
  22872	   1096	  29780	  53748	   d1f4	bramExample.elf
Finished building: bramExample.elf.size
 
14:48:29 **** Auto Build of configuration Debug for project bramExample ****
make all 
Building file: ../src/drivers.c
Invoking: ARM gcc compiler
arm-xilinx-eabi-gcc -Wall -O0 -g3 -c -fmessage-length=0 -I../../wideBRAM_bsp/ps7_cortexa9_0/include -MMD -MP -MF"src/drivers.d" -MT"src/drivers.d" -o "src/drivers.o" "../src/drivers.c"
../src/drivers.c:38:22: fatal error: xbmm_top.h: No such file or directory
compilation terminated.
make: *** [src/drivers.o] Error 1
14:48:40 **** Auto Build of configuration Debug for project bramExample ****
make all 
Building file: ../src/drivers.c
Invoking: ARM gcc compiler
arm-xilinx-eabi-gcc -Wall -O0 -g3 -c -fmessage-length=0 -I../../wideBRAM_bsp/ps7_cortexa9_0/include -MMD -MP -MF"src/drivers.d" -MT"src/drivers.d" -o "src/drivers.o" "../src/drivers.c"
../src/drivers.c: In function 'dma_init':
../src/drivers.c:101:9: warning: implicit declaration of function 'XAxiCdma_SwitchMode' [-Wimplicit-function-declaration]
../src/drivers.c:108:9: warning: implicit declaration of function 'XAxiCdma_IsSimpleMode' [-Wimplicit-function-declaration]
../src/drivers.c: In function 'init':
../src/drivers.c:135:2: warning: implicit declaration of function 'hls_ip_init' [-Wimplicit-function-declaration]
../src/drivers.c: In function 'printArray':
../src/drivers.c:164:3: warning: format '%x' expects argument of type 'unsigned int', but argument 2 has type 'int *' [-Wformat]
../src/drivers.c:164:3: warning: format '%x' expects argument of type 'unsigned int', but argument 2 has type 'int *' [-Wformat]
Finished building: ../src/drivers.c
 
Building target: bramExample.elf
Invoking: ARM gcc linker
arm-xilinx-eabi-gcc -Wl,-T -Wl,../src/lscript.ld -L../../wideBRAM_bsp/ps7_cortexa9_0/lib -o "bramExample.elf"  ./src/drivers.o ./src/helloworld.o ./src/platform.o   -Wl,--start-group,-lxil,-lgcc,-lc,--end-group
./src/drivers.o: In function `init':
/home/raghu/work/projects/wideBRAM/workspace/bramExample/Debug/../src/drivers.c:135: undefined reference to `hls_ip_init'
collect2: error: ld returned 1 exit status
make: *** [bramExample.elf] Error 1
14:48:52 **** Auto Build of configuration Debug for project bramExample ****
make all 
Building file: ../src/drivers.c
Invoking: ARM gcc compiler
arm-xilinx-eabi-gcc -Wall -O0 -g3 -c -fmessage-length=0 -I../../wideBRAM_bsp/ps7_cortexa9_0/include -MMD -MP -MF"src/drivers.d" -MT"src/drivers.d" -o "src/drivers.o" "../src/drivers.c"
../src/drivers.c: In function 'dma_init':
../src/drivers.c:101:9: warning: implicit declaration of function 'XAxiCdma_SwitchMode' [-Wimplicit-function-declaration]
../src/drivers.c:108:9: warning: implicit declaration of function 'XAxiCdma_IsSimpleMode' [-Wimplicit-function-declaration]
Finished building: ../src/drivers.c
 
Building target: bramExample.elf
Invoking: ARM gcc linker
arm-xilinx-eabi-gcc -Wl,-T -Wl,../src/lscript.ld -L../../wideBRAM_bsp/ps7_cortexa9_0/lib -o "bramExample.elf"  ./src/drivers.o ./src/helloworld.o ./src/platform.o   -Wl,--start-group,-lxil,-lgcc,-lc,--end-group
../src/drivers.c: In function 'printArray':
../src/drivers.c:161:3: warning: format '%x' expects argument of type 'unsigned int', but argument 2 has type 'int *' [-Wformat]
../src/drivers.c:161:3: warning: format '%x' expects argument of type 'unsigned int', but argument 2 has type 'int *' [-Wformat]
Finished building target: bramExample.elf
 
Invoking: ARM Print Size
arm-xilinx-eabi-size bramExample.elf  |tee "bramExample.elf.size"
   text	   data	    bss	    dec	    hex	filename
  70500	   2288	  30220	 103008	  19260	bramExample.elf
Finished building: bramExample.elf.size
 
14:49:05 **** Auto Build of configuration Debug for project bramExample ****
make all 
Building file: ../src/helloworld.c
Invoking: ARM gcc compiler
arm-xilinx-eabi-gcc -Wall -O0 -g3 -c -fmessage-length=0 -I../../wideBRAM_bsp/ps7_cortexa9_0/include -MMD -MP -MF"src/helloworld.d" -MT"src/helloworld.d" -o "src/helloworld.o" "../src/helloworld.c"
../src/helloworld.c: In function 'main':
../src/helloworld.c:43:5: warning: implicit declaration of function 'init' [-Wimplicit-function-declaration]
Finished building: ../src/helloworld.c
 
Building target: bramExample.elf
Invoking: ARM gcc linker
arm-xilinx-eabi-gcc -Wl,-T -Wl,../src/lscript.ld -L../../wideBRAM_bsp/ps7_cortexa9_0/lib -o "bramExample.elf"  ./src/drivers.o ./src/helloworld.o ./src/platform.o   -Wl,--start-group,-lxil,-lgcc,-lc,--end-group
Finished building target: bramExample.elf
 
Invoking: ARM Print Size
arm-xilinx-eabi-size bramExample.elf  |tee "bramExample.elf.size"
   text	   data	    bss	    dec	    hex	filename
  70508	   2288	  30220	 103016	  19268	bramExample.elf
Finished building: bramExample.elf.size
 
14:49:53 **** Incremental Build of configuration Debug for project bramExample ****
make all 
make: Nothing to be done for `all'.
14:51:11 **** Auto Build of configuration Debug for project bramExample ****
make all 
Building file: ../src/drivers.c
Invoking: ARM gcc compiler
arm-xilinx-eabi-gcc -Wall -O0 -g3 -c -fmessage-length=0 -I../../wideBRAM_bsp/ps7_cortexa9_0/include -MMD -MP -MF"src/drivers.d" -MT"src/drivers.d" -o "src/drivers.o" "../src/drivers.c"
../src/drivers.c: In function 'dma_init':
../src/drivers.c:102:9: warning: implicit declaration of function 'XAxiCdma_SwitchMode' [-Wimplicit-function-declaration]
../src/drivers.c:109:9: warning: implicit declaration of function 'XAxiCdma_IsSimpleMode' [-Wimplicit-function-declaration]
../src/drivers.c: In function 'printArray':
../src/drivers.c:162:3: warning: format '%x' expects argument of type 'unsigned int', but argument 2 has type 'int *' [-Wformat]
../src/drivers.c:162:3: warning: format '%x' expects argument of type 'unsigned int', but argument 2 has type 'int *' [-Wformat]
Finished building: ../src/drivers.c
 
Building target: bramExample.elf
Invoking: ARM gcc linker
arm-xilinx-eabi-gcc -Wl,-T -Wl,../src/lscript.ld -L../../wideBRAM_bsp/ps7_cortexa9_0/lib -o "bramExample.elf"  ./src/drivers.o ./src/helloworld.o ./src/platform.o   -Wl,--start-group,-lxil,-lgcc,-lc,--end-group
Finished building target: bramExample.elf
 
Invoking: ARM Print Size
arm-xilinx-eabi-size bramExample.elf  |tee "bramExample.elf.size"
   text	   data	    bss	    dec	    hex	filename
  70508	   2288	  30220	 103016	  19268	bramExample.elf
Finished building: bramExample.elf.size
 
14:51:15 **** Incremental Build of configuration Debug for project bramExample ****
make all 
make: Nothing to be done for `all'.
14:51:29 **** Auto Build of configuration Debug for project bramExample ****
make all 
Building file: ../src/drivers.c
Invoking: ARM gcc compiler
arm-xilinx-eabi-gcc -Wall -O0 -g3 -c -fmessage-length=0 -I../../wideBRAM_bsp/ps7_cortexa9_0/include -MMD -MP -MF"src/drivers.d" -MT"src/drivers.d" -o "src/drivers.o" "../src/drivers.c"
../src/drivers.c: In function 'dma_init':
../src/drivers.c:110:9: warning: implicit declaration of function 'XAxiCdma_IsSimpleMode' [-Wimplicit-function-declaration]
../src/drivers.c: In function 'simpleCopy':
../src/drivers.c:145:2: warning: implicit declaration of function 'XAxiCdma_SwitchMode' [-Wimplicit-function-declaration]
../src/drivers.c: In function 'printArray':
../src/drivers.c:163:3: warning: format '%x' expects argument of type 'unsigned int', but argument 2 has type 'int *' [-Wformat]
Finished building: ../src/drivers.c
 
Building target: bramExample.elf
Invoking: ARM gcc linker
arm-xilinx-eabi-gcc -Wl,-T -Wl,../src/lscript.ld -L../../wideBRAM_bsp/ps7_cortexa9_0/lib -o "bramExample.elf"  ./src/drivers.o ./src/helloworld.o ./src/platform.o   -Wl,--start-group,-lxil,-lgcc,-lc,--end-group
../src/drivers.c:163:3: warning: format '%x' expects argument of type 'unsigned int', but argument 2 has type 'int *' [-Wformat]
Finished building target: bramExample.elf
 
Invoking: ARM Print Size
arm-xilinx-eabi-size bramExample.elf  |tee "bramExample.elf.size"
   text	   data	    bss	    dec	    hex	filename
  70396	   2288	  30220	 102904	  191f8	bramExample.elf
Finished building: bramExample.elf.size
 
14:51:30 **** Incremental Build of configuration Debug for project bramExample ****
make all 
make: Nothing to be done for `all'.
14:52:19 **** Auto Build of configuration Debug for project bramExample ****
make all 
Building file: ../src/drivers.c
Invoking: ARM gcc compiler
arm-xilinx-eabi-gcc -Wall -O0 -g3 -c -fmessage-length=0 -I../../wideBRAM_bsp/ps7_cortexa9_0/include -MMD -MP -MF"src/drivers.d" -MT"src/drivers.d" -o "src/drivers.o" "../src/drivers.c"
../src/drivers.c: In function 'dma_init':
../src/drivers.c:110:9: warning: implicit declaration of function 'XAxiCdma_IsSimpleMode' [-Wimplicit-function-declaration]
../src/drivers.c:120:50: error: expected ')' before '{' token
../src/drivers.c:130:1: error: expected expression before '}' token
../src/drivers.c:83:13: warning: unused variable 'numBdring' [-Wunused-variable]
../src/drivers.c: In function 'simpleCopy':
../src/drivers.c:148:2: warning: implicit declaration of function 'XAxiCdma_SwitchMode' [-Wimplicit-function-declaration]
../src/drivers.c: In function 'printArray':
../src/drivers.c:166:3: warning: format '%x' expects argument of type 'unsigned int', but argument 2 has type 'int *' [-Wformat]
../src/drivers.c:166:3: warning: format '%x' expects argument of type 'unsigned int', but argument 2 has type 'int *' [-Wformat]
../src/drivers.c: In function 'dma_init':
../src/drivers.c:130:1: warning: control reaches end of non-void function [-Wreturn-type]
make: *** [src/drivers.o] Error 1
14:52:23 **** Auto Build of configuration Debug for project bramExample ****
make all 
Building file: ../src/drivers.c
Invoking: ARM gcc compiler
arm-xilinx-eabi-gcc -Wall -O0 -g3 -c -fmessage-length=0 -I../../wideBRAM_bsp/ps7_cortexa9_0/include -MMD -MP -MF"src/drivers.d" -MT"src/drivers.d" -o "src/drivers.o" "../src/drivers.c"
../src/drivers.c: In function 'dma_init':
../src/drivers.c:110:9: warning: implicit declaration of function 'XAxiCdma_IsSimpleMode' [-Wimplicit-function-declaration]
../src/drivers.c: In function 'simpleCopy':
../src/drivers.c:148:2: warning: implicit declaration of function 'XAxiCdma_SwitchMode' [-Wimplicit-function-declaration]
../src/drivers.c: In function 'printArray':
../src/drivers.c:166:3: warning: format '%x' expects argument of type 'unsigned int', but argument 2 has type 'int *' [-Wformat]
../src/drivers.c:166:3: warning: format '%x' expects argument of type 'unsigned int', but argument 2 has type 'int *' [-Wformat]
Finished building: ../src/drivers.c
 
Building target: bramExample.elf
Invoking: ARM gcc linker
arm-xilinx-eabi-gcc -Wl,-T -Wl,../src/lscript.ld -L../../wideBRAM_bsp/ps7_cortexa9_0/lib -o "bramExample.elf"  ./src/drivers.o ./src/helloworld.o ./src/platform.o   -Wl,--start-group,-lxil,-lgcc,-lc,--end-group
Finished building target: bramExample.elf
 
Invoking: ARM Print Size
arm-xilinx-eabi-size bramExample.elf  |tee "bramExample.elf.size"
   text	   data	    bss	    dec	    hex	filename
  70420	   2288	  30220	 102928	  19210	bramExample.elf
Finished building: bramExample.elf.size
 
14:52:25 **** Incremental Build of configuration Debug for project bramExample ****
make all 
make: Nothing to be done for `all'.
14:52:57 **** Auto Build of configuration Debug for project bramExample ****
make all 
Building file: ../src/helloworld.c
Invoking: ARM gcc compiler
arm-xilinx-eabi-gcc -Wall -O0 -g3 -c -fmessage-length=0 -I../../wideBRAM_bsp/ps7_cortexa9_0/include -MMD -MP -MF"src/helloworld.d" -MT"src/helloworld.d" -o "src/helloworld.o" "../src/helloworld.c"
../src/helloworld.c: In function 'main':
../src/helloworld.c:46:5: warning: implicit declaration of function 'init' [-Wimplicit-function-declaration]
Finished building: ../src/helloworld.c
 
Building target: bramExample.elf
Invoking: ARM gcc linker
arm-xilinx-eabi-gcc -Wl,-T -Wl,../src/lscript.ld -L../../wideBRAM_bsp/ps7_cortexa9_0/lib -o "bramExample.elf"  ./src/drivers.o ./src/helloworld.o ./src/platform.o   -Wl,--start-group,-lxil,-lgcc,-lc,--end-group
Finished building target: bramExample.elf
 
Invoking: ARM Print Size
arm-xilinx-eabi-size bramExample.elf  |tee "bramExample.elf.size"
   text	   data	    bss	    dec	    hex	filename
  70420	   2288	  30220	 102928	  19210	bramExample.elf
Finished building: bramExample.elf.size
 
14:53:30 **** Auto Build of configuration Debug for project bramExample ****
make all 
Building file: ../src/helloworld.c
Invoking: ARM gcc compiler
arm-xilinx-eabi-gcc -Wall -O0 -g3 -c -fmessage-length=0 -I../../wideBRAM_bsp/ps7_cortexa9_0/include -MMD -MP -MF"src/helloworld.d" -MT"src/helloworld.d" -o "src/helloworld.o" "../src/helloworld.c"
../src/helloworld.c: In function 'main':
../src/helloworld.c:49:5: warning: implicit declaration of function 'init' [-Wimplicit-function-declaration]
Finished building: ../src/helloworld.c
 
Building target: bramExample.elf
Invoking: ARM gcc linker
arm-xilinx-eabi-gcc -Wl,-T -Wl,../src/lscript.ld -L../../wideBRAM_bsp/ps7_cortexa9_0/lib -o "bramExample.elf"  ./src/drivers.o ./src/helloworld.o ./src/platform.o   -Wl,--start-group,-lxil,-lgcc,-lc,--end-group
Finished building target: bramExample.elf
 
Invoking: ARM Print Size
arm-xilinx-eabi-size bramExample.elf  |tee "bramExample.elf.size"
   text	   data	    bss	    dec	    hex	filename
  70420	   2288	  30220	 102928	  19210	bramExample.elf
Finished building: bramExample.elf.size
 
14:56:13 **** Auto Build of configuration Debug for project bramExample ****
make all 
Building file: ../src/helloworld.c
Invoking: ARM gcc compiler
arm-xilinx-eabi-gcc -Wall -O0 -g3 -c -fmessage-length=0 -I../../wideBRAM_bsp/ps7_cortexa9_0/include -MMD -MP -MF"src/helloworld.d" -MT"src/helloworld.d" -o "src/helloworld.o" "../src/helloworld.c"
../src/helloworld.c: In function 'main':
../src/helloworld.c:53:5: warning: implicit declaration of function 'init' [-Wimplicit-function-declaration]
../src/helloworld.c:59:5: warning: implicit declaration of function 'simpleCopy' [-Wimplicit-function-declaration]
Finished building: ../src/helloworld.c
 
Building target: bramExample.elf
Invoking: ARM gcc linker
arm-xilinx-eabi-gcc -Wl,-T -Wl,../src/lscript.ld -L../../wideBRAM_bsp/ps7_cortexa9_0/lib -o "bramExample.elf"  ./src/drivers.o ./src/helloworld.o ./src/platform.o   -Wl,--start-group,-lxil,-lgcc,-lc,--end-group
Finished building target: bramExample.elf
 
Invoking: ARM Print Size
arm-xilinx-eabi-size bramExample.elf  |tee "bramExample.elf.size"
   text	   data	    bss	    dec	    hex	filename
  70692	   2288	  30220	 103200	  19320	bramExample.elf
Finished building: bramExample.elf.size
 
14:56:26 **** Incremental Build of configuration Debug for project bramExample ****
make all 
make: Nothing to be done for `all'.
14:57:54 **** Auto Build of configuration Debug for project bramExample ****
make all 
Building file: ../src/helloworld.c
Invoking: ARM gcc compiler
arm-xilinx-eabi-gcc -Wall -O0 -g3 -c -fmessage-length=0 -I../../wideBRAM_bsp/ps7_cortexa9_0/include -MMD -MP -MF"src/helloworld.d" -MT"src/helloworld.d" -o "src/helloworld.o" "../src/helloworld.c"
../src/helloworld.c: In function 'main':
../src/helloworld.c:53:5: warning: implicit declaration of function 'init' [-Wimplicit-function-declaration]
../src/helloworld.c:59:5: warning: implicit declaration of function 'simpleCopy' [-Wimplicit-function-declaration]
Finished building: ../src/helloworld.c
 
Building target: bramExample.elf
Invoking: ARM gcc linker
arm-xilinx-eabi-gcc -Wl,-T -Wl,../src/lscript.ld -L../../wideBRAM_bsp/ps7_cortexa9_0/lib -o "bramExample.elf"  ./src/drivers.o ./src/helloworld.o ./src/platform.o   -Wl,--start-group,-lxil,-lgcc,-lc,--end-group
Finished building target: bramExample.elf
 
Invoking: ARM Print Size
arm-xilinx-eabi-size bramExample.elf  |tee "bramExample.elf.size"
   text	   data	    bss	    dec	    hex	filename
  70692	   2288	  30220	 103200	  19320	bramExample.elf
Finished building: bramExample.elf.size
 
14:58:10 **** Auto Build of configuration Debug for project bramExample ****
make all 
Building file: ../src/helloworld.c
Invoking: ARM gcc compiler
arm-xilinx-eabi-gcc -Wall -O0 -g3 -c -fmessage-length=0 -I../../wideBRAM_bsp/ps7_cortexa9_0/include -MMD -MP -MF"src/helloworld.d" -MT"src/helloworld.d" -o "src/helloworld.o" "../src/helloworld.c"
../src/helloworld.c: In function 'main':
../src/helloworld.c:53:5: warning: implicit declaration of function 'init' [-Wimplicit-function-declaration]
../src/helloworld.c:59:5: warning: implicit declaration of function 'simpleCopy' [-Wimplicit-function-declaration]
Finished building: ../src/helloworld.c
 
Building target: bramExample.elf
Invoking: ARM gcc linker
arm-xilinx-eabi-gcc -Wl,-T -Wl,../src/lscript.ld -L../../wideBRAM_bsp/ps7_cortexa9_0/lib -o "bramExample.elf"  ./src/drivers.o ./src/helloworld.o ./src/platform.o   -Wl,--start-group,-lxil,-lgcc,-lc,--end-group
Finished building target: bramExample.elf
 
Invoking: ARM Print Size
arm-xilinx-eabi-size bramExample.elf  |tee "bramExample.elf.size"
   text	   data	    bss	    dec	    hex	filename
  70692	   2288	  30220	 103200	  19320	bramExample.elf
Finished building: bramExample.elf.size
 
14:58:23 **** Incremental Build of configuration Debug for project bramExample ****
make all 
make: Nothing to be done for `all'.
14:59:31 **** Auto Build of configuration Debug for project bramExample ****
make all 
Building file: ../src/drivers.c
Invoking: ARM gcc compiler
arm-xilinx-eabi-gcc -Wall -O0 -g3 -c -fmessage-length=0 -I../../wideBRAM_bsp/ps7_cortexa9_0/include -MMD -MP -MF"src/drivers.d" -MT"src/drivers.d" -o "src/drivers.o" "../src/drivers.c"
../src/drivers.c: In function 'dma_init':
../src/drivers.c:110:9: warning: implicit declaration of function 'XAxiCdma_IsSimpleMode' [-Wimplicit-function-declaration]
../src/drivers.c: In function 'printArray':
../src/drivers.c:166:3: warning: format '%x' expects argument of type 'unsigned int', but argument 2 has type 'int *' [-Wformat]
../src/drivers.c:166:3: warning: format '%x' expects argument of type 'unsigned int', but argument 2 has type 'int *' [-Wformat]
Finished building: ../src/drivers.c
 
Building target: bramExample.elf
Invoking: ARM gcc linker
arm-xilinx-eabi-gcc -Wl,-T -Wl,../src/lscript.ld -L../../wideBRAM_bsp/ps7_cortexa9_0/lib -o "bramExample.elf"  ./src/drivers.o ./src/helloworld.o ./src/platform.o   -Wl,--start-group,-lxil,-lgcc,-lc,--end-group
Finished building target: bramExample.elf
 
Invoking: ARM Print Size
arm-xilinx-eabi-size bramExample.elf  |tee "bramExample.elf.size"
   text	   data	    bss	    dec	    hex	filename
  70628	   2288	  30220	 103136	  192e0	bramExample.elf
Finished building: bramExample.elf.size
 
14:59:37 **** Incremental Build of configuration Debug for project bramExample ****
make all 
make: Nothing to be done for `all'.
15:00:06 **** Incremental Build of configuration Debug for project bramExample ****
make all 
make: Nothing to be done for `all'.
15:01:25 **** Auto Build of configuration Debug for project bramExample ****
make all 
Building file: ../src/helloworld.c
Invoking: ARM gcc compiler
arm-xilinx-eabi-gcc -Wall -O0 -g3 -c -fmessage-length=0 -I../../wideBRAM_bsp/ps7_cortexa9_0/include -MMD -MP -MF"src/helloworld.d" -MT"src/helloworld.d" -o "src/helloworld.o" "../src/helloworld.c"
../src/helloworld.c: In function 'main':
../src/helloworld.c:53:5: warning: implicit declaration of function 'init' [-Wimplicit-function-declaration]
../src/helloworld.c:59:5: warning: implicit declaration of function 'simpleCopy' [-Wimplicit-function-declaration]
Finished building: ../src/helloworld.c
 
Building target: bramExample.elf
Invoking: ARM gcc linker
arm-xilinx-eabi-gcc -Wl,-T -Wl,../src/lscript.ld -L../../wideBRAM_bsp/ps7_cortexa9_0/lib -o "bramExample.elf"  ./src/drivers.o ./src/helloworld.o ./src/platform.o   -Wl,--start-group,-lxil,-lgcc,-lc,--end-group
Finished building target: bramExample.elf
 
Invoking: ARM Print Size
arm-xilinx-eabi-size bramExample.elf  |tee "bramExample.elf.size"
   text	   data	    bss	    dec	    hex	filename
  70628	   2288	  30220	 103136	  192e0	bramExample.elf
Finished building: bramExample.elf.size
 
15:01:27 **** Incremental Build of configuration Debug for project bramExample ****
make all 
make: Nothing to be done for `all'.
15:01:47 **** Incremental Build of configuration Debug for project bramExample ****
make all 
make: Nothing to be done for `all'.
15:02:18 **** Auto Build of configuration Debug for project bramExample ****
make all 
Building file: ../src/helloworld.c
Invoking: ARM gcc compiler
arm-xilinx-eabi-gcc -Wall -O0 -g3 -c -fmessage-length=0 -I../../wideBRAM_bsp/ps7_cortexa9_0/include -MMD -MP -MF"src/helloworld.d" -MT"src/helloworld.d" -o "src/helloworld.o" "../src/helloworld.c"
../src/helloworld.c: In function 'main':
../src/helloworld.c:53:5: warning: implicit declaration of function 'init' [-Wimplicit-function-declaration]
../src/helloworld.c:54:5: warning: implicit declaration of function 'Xil_DCacheDisable' [-Wimplicit-function-declaration]
Finished building: ../src/helloworld.c
 
Building target: bramExample.elf
Invoking: ARM gcc linker
arm-xilinx-eabi-gcc -Wl,-T -Wl,../src/lscript.ld -L../../wideBRAM_bsp/ps7_cortexa9_0/lib -o "bramExample.elf"  ./src/drivers.o ./src/helloworld.o ./src/platform.o   -Wl,--start-group,-lxil,-lgcc,-lc,--end-group
../src/helloworld.c:60:5: warning: implicit declaration of function 'simpleCopy' [-Wimplicit-function-declaration]
Finished building target: bramExample.elf
 
Invoking: ARM Print Size
arm-xilinx-eabi-size bramExample.elf  |tee "bramExample.elf.size"
   text	   data	    bss	    dec	    hex	filename
  70628	   2288	  30220	 103136	  192e0	bramExample.elf
Finished building: bramExample.elf.size
 
15:02:22 **** Incremental Build of configuration Debug for project bramExample ****
make all 
make: Nothing to be done for `all'.
15:02:59 **** Auto Build of configuration Debug for project bramExample ****
make all 
Building file: ../src/helloworld.c
Invoking: ARM gcc compiler
arm-xilinx-eabi-gcc -Wall -O0 -g3 -c -fmessage-length=0 -I../../wideBRAM_bsp/ps7_cortexa9_0/include -MMD -MP -MF"src/helloworld.d" -MT"src/helloworld.d" -o "src/helloworld.o" "../src/helloworld.c"
../src/helloworld.c: In function 'main':
../src/helloworld.c:53:5: warning: implicit declaration of function 'init' [-Wimplicit-function-declaration]
../src/helloworld.c:54:5: warning: implicit declaration of function 'Xil_DCacheDisable' [-Wimplicit-function-declaration]
Finished building: ../src/helloworld.c
 
Building target: bramExample.elf
Invoking: ARM gcc linker
arm-xilinx-eabi-gcc -Wl,-T -Wl,../src/lscript.ld -L../../wideBRAM_bsp/ps7_cortexa9_0/lib -o "bramExample.elf"  ./src/drivers.o ./src/helloworld.o ./src/platform.o   -Wl,--start-group,-lxil,-lgcc,-lc,--end-group
../src/helloworld.c:60:5: warning: implicit declaration of function 'simpleCopy' [-Wimplicit-function-declaration]
Finished building target: bramExample.elf
 
Invoking: ARM Print Size
arm-xilinx-eabi-size bramExample.elf  |tee "bramExample.elf.size"
   text	   data	    bss	    dec	    hex	filename
  70628	   2288	  30220	 103136	  192e0	bramExample.elf
Finished building: bramExample.elf.size
 
15:03:05 **** Incremental Build of configuration Debug for project bramExample ****
make all 
make: Nothing to be done for `all'.
15:38:57 **** Auto Build of project wideBRAM_bsp ****
make -k all 
Finished building libraries
15:38:57 **** Auto Build of project wideBRAM_bsp ****
make -k all 
Finished building libraries
15:38:59 **** Clean-only build of project wideBRAM_bsp ****
make -k clean 
rm -rf ps7_cortexa9_0
15:39:00 **** Clean-only build of configuration Debug for project bramExample ****
make clean 
rm -rf  ./src/drivers.o ./src/helloworld.o ./src/platform.o  ./src/drivers.d ./src/helloworld.d ./src/platform.d  bramExample.elf.size  bramExample.elf
 
15:39:00 **** Build of project wideBRAM_bsp ****
make -k all 
libgen -hw ../wideBRAM/system.xml\
	       \
	       -pe ps7_cortexa9_0 \
	       -log libgen.log \
	       system.mss
libgen
Xilinx EDK 2013.3 Build EDK_P.20131013
Copyright (c) 1995-2012 Xilinx, Inc.  All rights reserved.

Command Line: libgen -hw ../wideBRAM/system.xml -pe ps7_cortexa9_0 -log
libgen.log system.mss 


Staging source files.
Running DRCs.
Running generate.
Running post_generate.
Running include - 'gmake -s include "COMPILER=arm-xilinx-eabi-gcc"
"ARCHIVER=arm-xilinx-eabi-ar" "COMPILER_FLAGS= -O2 -c"
"EXTRA_COMPILER_FLAGS=-g"'.

Running libs - 'gmake -s libs "COMPILER=arm-xilinx-eabi-gcc"
"ARCHIVER=arm-xilinx-eabi-ar" "COMPILER_FLAGS= -O2 -c"
"EXTRA_COMPILER_FLAGS=-g"'.
Compiling common
arm-xilinx-eabi-ar: creating ../../../lib/libxil.a
Compiling standalone
Compiling axicdma
Compiling devcfg
Compiling dmaps
Compiling emacps
Compiling gpiops
Compiling iicps
Compiling qspips
Compiling scugic
Compiling scutimer
Compiling scuwdt
Compiling ttcps
Compiling uartps
Compiling usbps
Compiling xadcps
Compiling cpu_cortexa9
Running execs_generate.
Finished building libraries
15:39:15 **** Build of configuration Debug for project bramExample ****
make all 
Building file: ../src/drivers.c
Invoking: ARM gcc compiler
arm-xilinx-eabi-gcc -Wall -O0 -g3 -c -fmessage-length=0 -I../../wideBRAM_bsp/ps7_cortexa9_0/include -MMD -MP -MF"src/drivers.d" -MT"src/drivers.d" -o "src/drivers.o" "../src/drivers.c"
../src/drivers.c: In function 'dma_init':
../src/drivers.c:110:9: warning: implicit declaration of function 'XAxiCdma_IsSimpleMode' [-Wimplicit-function-declaration]
Finished building: ../src/drivers.c
 
../src/drivers.c: In function 'printArray':
../src/drivers.c:166:3: warning: format '%x' expects argument of type 'unsigned int', but argument 2 has type 'int *' [-Wformat]
../src/drivers.c:166:3: warning: format '%x' expects argument of type 'unsigned int', but argument 2 has type 'int *' [-Wformat]
Building file: ../src/helloworld.c
Invoking: ARM gcc compiler
arm-xilinx-eabi-gcc -Wall -O0 -g3 -c -fmessage-length=0 -I../../wideBRAM_bsp/ps7_cortexa9_0/include -MMD -MP -MF"src/helloworld.d" -MT"src/helloworld.d" -o "src/helloworld.o" "../src/helloworld.c"
../src/helloworld.c: In function 'main':
../src/helloworld.c:53:5: warning: implicit declaration of function 'init' [-Wimplicit-function-declaration]
../src/helloworld.c:54:5: warning: implicit declaration of function 'Xil_DCacheDisable' [-Wimplicit-function-declaration]
Finished building: ../src/helloworld.c
 
Building file: ../src/platform.c
Invoking: ARM gcc compiler
arm-xilinx-eabi-gcc -Wall -O0 -g3 -c -fmessage-length=0 -I../../wideBRAM_bsp/ps7_cortexa9_0/include -MMD -MP -MF"src/platform.d" -MT"src/platform.d" -o "src/platform.o" "../src/platform.c"
../src/helloworld.c:60:5: warning: implicit declaration of function 'simpleCopy' [-Wimplicit-function-declaration]
Finished building: ../src/platform.c
 
Building target: bramExample.elf
Invoking: ARM gcc linker
arm-xilinx-eabi-gcc -Wl,-T -Wl,../src/lscript.ld -L../../wideBRAM_bsp/ps7_cortexa9_0/lib -o "bramExample.elf"  ./src/drivers.o ./src/helloworld.o ./src/platform.o   -Wl,--start-group,-lxil,-lgcc,-lc,--end-group
Finished building target: bramExample.elf
 
Invoking: ARM Print Size
arm-xilinx-eabi-size bramExample.elf  |tee "bramExample.elf.size"
   text	   data	    bss	    dec	    hex	filename
  70628	   2288	  30220	 103136	  192e0	bramExample.elf
Finished building: bramExample.elf.size
 
15:39:21 **** Auto Build of configuration Debug for project bramExample ****
make all 
Building file: ../src/helloworld.c
../src/helloworld.c: In function 'main':
../src/helloworld.c:53:5: warning: implicit declaration of function 'init' [-Wimplicit-function-declaration]
Invoking: ARM gcc compiler
arm-xilinx-eabi-gcc -Wall -O0 -g3 -c -fmessage-length=0 -I../../wideBRAM_bsp/ps7_cortexa9_0/include -MMD -MP -MF"src/helloworld.d" -MT"src/helloworld.d" -o "src/helloworld.o" "../src/helloworld.c"
../src/helloworld.c:54:5: warning: implicit declaration of function 'Xil_DCacheDisable' [-Wimplicit-function-declaration]
../src/helloworld.c:60:5: warning: implicit declaration of function 'simpleCopy' [-Wimplicit-function-declaration]
Finished building: ../src/helloworld.c
 
Building target: bramExample.elf
Invoking: ARM gcc linker
arm-xilinx-eabi-gcc -Wl,-T -Wl,../src/lscript.ld -L../../wideBRAM_bsp/ps7_cortexa9_0/lib -o "bramExample.elf"  ./src/drivers.o ./src/helloworld.o ./src/platform.o   -Wl,--start-group,-lxil,-lgcc,-lc,--end-group
Finished building target: bramExample.elf
 
Invoking: ARM Print Size
arm-xilinx-eabi-size bramExample.elf  |tee "bramExample.elf.size"
   text	   data	    bss	    dec	    hex	filename
  70620	   2288	  30220	 103128	  192d8	bramExample.elf
Finished building: bramExample.elf.size
 
15:39:27 **** Incremental Build of configuration Debug for project bramExample ****
make all 
make: Nothing to be done for `all'.
15:40:04 **** Incremental Build of configuration Debug for project bramExample ****
make all 
make: Nothing to be done for `all'.
15:42:06 **** Auto Build of configuration Debug for project bramExample ****
make all 
Building file: ../src/helloworld.c
Invoking: ARM gcc compiler
arm-xilinx-eabi-gcc -Wall -O0 -g3 -c -fmessage-length=0 -I../../wideBRAM_bsp/ps7_cortexa9_0/include -MMD -MP -MF"src/helloworld.d" -MT"src/helloworld.d" -o "src/helloworld.o" "../src/helloworld.c"
../src/helloworld.c: In function 'main':
../src/helloworld.c:53:5: warning: implicit declaration of function 'init' [-Wimplicit-function-declaration]
../src/helloworld.c:54:5: warning: implicit declaration of function 'Xil_DCacheDisable' [-Wimplicit-function-declaration]
Finished building: ../src/helloworld.c
../src/helloworld.c:60:5: warning: implicit declaration of function 'simpleCopy' [-Wimplicit-function-declaration]
 
Building target: bramExample.elf
Invoking: ARM gcc linker
arm-xilinx-eabi-gcc -Wl,-T -Wl,../src/lscript.ld -L../../wideBRAM_bsp/ps7_cortexa9_0/lib -o "bramExample.elf"  ./src/drivers.o ./src/helloworld.o ./src/platform.o   -Wl,--start-group,-lxil,-lgcc,-lc,--end-group
Finished building target: bramExample.elf
 
Invoking: ARM Print Size
arm-xilinx-eabi-size bramExample.elf  |tee "bramExample.elf.size"
   text	   data	    bss	    dec	    hex	filename
  70620	   2288	  30220	 103128	  192d8	bramExample.elf
Finished building: bramExample.elf.size
 
15:42:07 **** Incremental Build of configuration Debug for project bramExample ****
make all 
make: Nothing to be done for `all'.
15:43:11 **** Auto Build of configuration Debug for project bramExample ****
make all 
Building file: ../src/helloworld.c
Invoking: ARM gcc compiler
arm-xilinx-eabi-gcc -Wall -O0 -g3 -c -fmessage-length=0 -I../../wideBRAM_bsp/ps7_cortexa9_0/include -MMD -MP -MF"src/helloworld.d" -MT"src/helloworld.d" -o "src/helloworld.o" "../src/helloworld.c"
../src/helloworld.c: In function 'main':
../src/helloworld.c:53:5: warning: implicit declaration of function 'init' [-Wimplicit-function-declaration]
../src/helloworld.c:54:5: warning: implicit declaration of function 'Xil_DCacheDisable' [-Wimplicit-function-declaration]
../src/helloworld.c:61:5: warning: implicit declaration of function 'simpleCopy' [-Wimplicit-function-declaration]
Finished building: ../src/helloworld.c
 
Building target: bramExample.elf
Invoking: ARM gcc linker
arm-xilinx-eabi-gcc -Wl,-T -Wl,../src/lscript.ld -L../../wideBRAM_bsp/ps7_cortexa9_0/lib -o "bramExample.elf"  ./src/drivers.o ./src/helloworld.o ./src/platform.o   -Wl,--start-group,-lxil,-lgcc,-lc,--end-group
Finished building target: bramExample.elf
 
Invoking: ARM Print Size
arm-xilinx-eabi-size bramExample.elf  |tee "bramExample.elf.size"
   text	   data	    bss	    dec	    hex	filename
  70660	   2288	  30220	 103168	  19300	bramExample.elf
Finished building: bramExample.elf.size
 
15:43:12 **** Incremental Build of configuration Debug for project bramExample ****
make all 
make: Nothing to be done for `all'.
15:43:26 **** Auto Build of configuration Debug for project bramExample ****
make all 
Building file: ../src/helloworld.c
Invoking: ARM gcc compiler
arm-xilinx-eabi-gcc -Wall -O0 -g3 -c -fmessage-length=0 -I../../wideBRAM_bsp/ps7_cortexa9_0/include -MMD -MP -MF"src/helloworld.d" -MT"src/helloworld.d" -o "src/helloworld.o" "../src/helloworld.c"
../src/helloworld.c: In function 'main':
../src/helloworld.c:53:5: warning: implicit declaration of function 'init' [-Wimplicit-function-declaration]
../src/helloworld.c:54:5: warning: implicit declaration of function 'Xil_DCacheDisable' [-Wimplicit-function-declaration]
Finished building: ../src/helloworld.c
../src/helloworld.c:61:5: warning: implicit declaration of function 'simpleCopy' [-Wimplicit-function-declaration]
 
Building target: bramExample.elf
Invoking: ARM gcc linker
arm-xilinx-eabi-gcc -Wl,-T -Wl,../src/lscript.ld -L../../wideBRAM_bsp/ps7_cortexa9_0/lib -o "bramExample.elf"  ./src/drivers.o ./src/helloworld.o ./src/platform.o   -Wl,--start-group,-lxil,-lgcc,-lc,--end-group
Finished building target: bramExample.elf
 
Invoking: ARM Print Size
arm-xilinx-eabi-size bramExample.elf  |tee "bramExample.elf.size"
   text	   data	    bss	    dec	    hex	filename
  70660	   2288	  30220	 103168	  19300	bramExample.elf
Finished building: bramExample.elf.size
 
15:43:38 **** Auto Build of configuration Debug for project bramExample ****
make all 
Building file: ../src/helloworld.c
Invoking: ARM gcc compiler
arm-xilinx-eabi-gcc -Wall -O0 -g3 -c -fmessage-length=0 -I../../wideBRAM_bsp/ps7_cortexa9_0/include -MMD -MP -MF"src/helloworld.d" -MT"src/helloworld.d" -o "src/helloworld.o" "../src/helloworld.c"
../src/helloworld.c: In function 'main':
../src/helloworld.c:53:5: warning: implicit declaration of function 'init' [-Wimplicit-function-declaration]
../src/helloworld.c:54:5: warning: implicit declaration of function 'Xil_DCacheDisable' [-Wimplicit-function-declaration]
../src/helloworld.c:61:5: warning: implicit declaration of function 'simpleCopy' [-Wimplicit-function-declaration]
Finished building: ../src/helloworld.c
 
Building target: bramExample.elf
Invoking: ARM gcc linker
arm-xilinx-eabi-gcc -Wl,-T -Wl,../src/lscript.ld -L../../wideBRAM_bsp/ps7_cortexa9_0/lib -o "bramExample.elf"  ./src/drivers.o ./src/helloworld.o ./src/platform.o   -Wl,--start-group,-lxil,-lgcc,-lc,--end-group
Finished building target: bramExample.elf
 
Invoking: ARM Print Size
arm-xilinx-eabi-size bramExample.elf  |tee "bramExample.elf.size"
   text	   data	    bss	    dec	    hex	filename
  70660	   2288	  30220	 103168	  19300	bramExample.elf
Finished building: bramExample.elf.size
 
15:43:48 **** Auto Build of configuration Debug for project bramExample ****
make all 
Building file: ../src/helloworld.c
Invoking: ARM gcc compiler
arm-xilinx-eabi-gcc -Wall -O0 -g3 -c -fmessage-length=0 -I../../wideBRAM_bsp/ps7_cortexa9_0/include -MMD -MP -MF"src/helloworld.d" -MT"src/helloworld.d" -o "src/helloworld.o" "../src/helloworld.c"
../src/helloworld.c: In function 'main':
../src/helloworld.c:53:5: warning: implicit declaration of function 'init' [-Wimplicit-function-declaration]
../src/helloworld.c:54:5: warning: implicit declaration of function 'Xil_DCacheDisable' [-Wimplicit-function-declaration]
../src/helloworld.c:61:5: warning: implicit declaration of function 'simpleCopy' [-Wimplicit-function-declaration]
Finished building: ../src/helloworld.c
 
Building target: bramExample.elf
Invoking: ARM gcc linker
arm-xilinx-eabi-gcc -Wl,-T -Wl,../src/lscript.ld -L../../wideBRAM_bsp/ps7_cortexa9_0/lib -o "bramExample.elf"  ./src/drivers.o ./src/helloworld.o ./src/platform.o   -Wl,--start-group,-lxil,-lgcc,-lc,--end-group
Finished building target: bramExample.elf
 
Invoking: ARM Print Size
arm-xilinx-eabi-size bramExample.elf  |tee "bramExample.elf.size"
   text	   data	    bss	    dec	    hex	filename
  70668	   2288	  30220	 103176	  19308	bramExample.elf
Finished building: bramExample.elf.size
 
15:44:16 **** Auto Build of configuration Debug for project bramExample ****
make all 
Building file: ../src/helloworld.c
Invoking: ARM gcc compiler
arm-xilinx-eabi-gcc -Wall -O0 -g3 -c -fmessage-length=0 -I../../wideBRAM_bsp/ps7_cortexa9_0/include -MMD -MP -MF"src/helloworld.d" -MT"src/helloworld.d" -o "src/helloworld.o" "../src/helloworld.c"
../src/helloworld.c: In function 'main':
../src/helloworld.c:53:5: warning: implicit declaration of function 'init' [-Wimplicit-function-declaration]
../src/helloworld.c:54:5: warning: implicit declaration of function 'Xil_DCacheDisable' [-Wimplicit-function-declaration]
../src/helloworld.c:63:5: warning: implicit declaration of function 'simpleCopy' [-Wimplicit-function-declaration]
Finished building: ../src/helloworld.c
 
Building target: bramExample.elf
Invoking: ARM gcc linker
arm-xilinx-eabi-gcc -Wl,-T -Wl,../src/lscript.ld -L../../wideBRAM_bsp/ps7_cortexa9_0/lib -o "bramExample.elf"  ./src/drivers.o ./src/helloworld.o ./src/platform.o   -Wl,--start-group,-lxil,-lgcc,-lc,--end-group
Finished building target: bramExample.elf
 
Invoking: ARM Print Size
arm-xilinx-eabi-size bramExample.elf  |tee "bramExample.elf.size"
   text	   data	    bss	    dec	    hex	filename
  70732	   2288	  30220	 103240	  19348	bramExample.elf
Finished building: bramExample.elf.size
 
15:44:33 **** Auto Build of configuration Debug for project bramExample ****
make all 
Building file: ../src/helloworld.c
../src/helloworld.c: In function 'main':
Invoking: ARM gcc compiler
arm-xilinx-eabi-gcc -Wall -O0 -g3 -c -fmessage-length=0 -I../../wideBRAM_bsp/ps7_cortexa9_0/include -MMD -MP -MF"src/helloworld.d" -MT"src/helloworld.d" -o "src/helloworld.o" "../src/helloworld.c"
../src/helloworld.c:53:5: warning: implicit declaration of function 'init' [-Wimplicit-function-declaration]
Finished building: ../src/helloworld.c
 
Building target: bramExample.elf
Invoking: ARM gcc linker
arm-xilinx-eabi-gcc -Wl,-T -Wl,../src/lscript.ld -L../../wideBRAM_bsp/ps7_cortexa9_0/lib -o "bramExample.elf"  ./src/drivers.o ./src/helloworld.o ./src/platform.o   -Wl,--start-group,-lxil,-lgcc,-lc,--end-group
../src/helloworld.c:54:5: warning: implicit declaration of function 'Xil_DCacheDisable' [-Wimplicit-function-declaration]
Finished building target: bramExample.elf
 
Invoking: ARM Print Size
arm-xilinx-eabi-size bramExample.elf  |tee "bramExample.elf.size"
../src/helloworld.c:64:5: warning: implicit declaration of function 'simpleCopy' [-Wimplicit-function-declaration]
   text	   data	    bss	    dec	    hex	filename
  70780	   2288	  30220	 103288	  19378	bramExample.elf
Finished building: bramExample.elf.size
 
15:44:40 **** Incremental Build of configuration Debug for project bramExample ****
make all 
make: Nothing to be done for `all'.
15:45:09 **** Auto Build of configuration Debug for project bramExample ****
make all 
Building file: ../src/helloworld.c
Invoking: ARM gcc compiler
arm-xilinx-eabi-gcc -Wall -O0 -g3 -c -fmessage-length=0 -I../../wideBRAM_bsp/ps7_cortexa9_0/include -MMD -MP -MF"src/helloworld.d" -MT"src/helloworld.d" -o "src/helloworld.o" "../src/helloworld.c"
../src/helloworld.c: In function 'main':
../src/helloworld.c:53:5: warning: implicit declaration of function 'init' [-Wimplicit-function-declaration]
../src/helloworld.c:54:5: warning: implicit declaration of function 'Xil_DCacheDisable' [-Wimplicit-function-declaration]
../src/helloworld.c:64:5: warning: implicit declaration of function 'simpleCopy' [-Wimplicit-function-declaration]
Finished building: ../src/helloworld.c
 
Building target: bramExample.elf
Invoking: ARM gcc linker
arm-xilinx-eabi-gcc -Wl,-T -Wl,../src/lscript.ld -L../../wideBRAM_bsp/ps7_cortexa9_0/lib -o "bramExample.elf"  ./src/drivers.o ./src/helloworld.o ./src/platform.o   -Wl,--start-group,-lxil,-lgcc,-lc,--end-group
Finished building target: bramExample.elf
 
Invoking: ARM Print Size
arm-xilinx-eabi-size bramExample.elf  |tee "bramExample.elf.size"
   text	   data	    bss	    dec	    hex	filename
  70780	   2288	  30220	 103288	  19378	bramExample.elf
Finished building: bramExample.elf.size
 
15:45:11 **** Incremental Build of configuration Debug for project bramExample ****
make all 
make: Nothing to be done for `all'.
15:45:23 **** Auto Build of configuration Debug for project bramExample ****
make all 
Building file: ../src/helloworld.c
Invoking: ARM gcc compiler
arm-xilinx-eabi-gcc -Wall -O0 -g3 -c -fmessage-length=0 -I../../wideBRAM_bsp/ps7_cortexa9_0/include -MMD -MP -MF"src/helloworld.d" -MT"src/helloworld.d" -o "src/helloworld.o" "../src/helloworld.c"
../src/helloworld.c: In function 'main':
../src/helloworld.c:53:5: warning: implicit declaration of function 'init' [-Wimplicit-function-declaration]
../src/helloworld.c:54:5: warning: implicit declaration of function 'Xil_DCacheDisable' [-Wimplicit-function-declaration]
Finished building: ../src/helloworld.c
 
Building target: bramExample.elf
../src/helloworld.c:64:5: warning: implicit declaration of function 'simpleCopy' [-Wimplicit-function-declaration]
Invoking: ARM gcc linker
arm-xilinx-eabi-gcc -Wl,-T -Wl,../src/lscript.ld -L../../wideBRAM_bsp/ps7_cortexa9_0/lib -o "bramExample.elf"  ./src/drivers.o ./src/helloworld.o ./src/platform.o   -Wl,--start-group,-lxil,-lgcc,-lc,--end-group
Finished building target: bramExample.elf
 
Invoking: ARM Print Size
arm-xilinx-eabi-size bramExample.elf  |tee "bramExample.elf.size"
   text	   data	    bss	    dec	    hex	filename
  70780	   2288	  30220	 103288	  19378	bramExample.elf
Finished building: bramExample.elf.size
 
15:45:24 **** Incremental Build of configuration Debug for project bramExample ****
make all 
make: Nothing to be done for `all'.
15:45:51 **** Auto Build of configuration Debug for project bramExample ****
make all 
Building file: ../src/helloworld.c
Invoking: ARM gcc compiler
arm-xilinx-eabi-gcc -Wall -O0 -g3 -c -fmessage-length=0 -I../../wideBRAM_bsp/ps7_cortexa9_0/include -MMD -MP -MF"src/helloworld.d" -MT"src/helloworld.d" -o "src/helloworld.o" "../src/helloworld.c"
../src/helloworld.c: In function 'main':
../src/helloworld.c:53:5: warning: implicit declaration of function 'init' [-Wimplicit-function-declaration]
../src/helloworld.c:54:5: warning: implicit declaration of function 'Xil_DCacheDisable' [-Wimplicit-function-declaration]
../src/helloworld.c:64:5: warning: implicit declaration of function 'simpleCopy' [-Wimplicit-function-declaration]
Finished building: ../src/helloworld.c
 
Building target: bramExample.elf
Invoking: ARM gcc linker
arm-xilinx-eabi-gcc -Wl,-T -Wl,../src/lscript.ld -L../../wideBRAM_bsp/ps7_cortexa9_0/lib -o "bramExample.elf"  ./src/drivers.o ./src/helloworld.o ./src/platform.o   -Wl,--start-group,-lxil,-lgcc,-lc,--end-group
Finished building target: bramExample.elf
 
Invoking: ARM Print Size
arm-xilinx-eabi-size bramExample.elf  |tee "bramExample.elf.size"
   text	   data	    bss	    dec	    hex	filename
  70740	   2288	  30220	 103248	  19350	bramExample.elf
Finished building: bramExample.elf.size
 
15:45:52 **** Incremental Build of configuration Debug for project bramExample ****
make all 
make: Nothing to be done for `all'.
15:47:32 **** Auto Build of configuration Debug for project bramExample ****
make all 
Building file: ../src/helloworld.c
Invoking: ARM gcc compiler
arm-xilinx-eabi-gcc -Wall -O0 -g3 -c -fmessage-length=0 -I../../wideBRAM_bsp/ps7_cortexa9_0/include -MMD -MP -MF"src/helloworld.d" -MT"src/helloworld.d" -o "src/helloworld.o" "../src/helloworld.c"
../src/helloworld.c: In function 'main':
../src/helloworld.c:53:5: warning: implicit declaration of function 'init' [-Wimplicit-function-declaration]
../src/helloworld.c:54:5: warning: implicit declaration of function 'Xil_DCacheDisable' [-Wimplicit-function-declaration]
Finished building: ../src/helloworld.c
 
Building target: bramExample.elf
Invoking: ARM gcc linker
arm-xilinx-eabi-gcc -Wl,-T -Wl,../src/lscript.ld -L../../wideBRAM_bsp/ps7_cortexa9_0/lib -o "bramExample.elf"  ./src/drivers.o ./src/helloworld.o ./src/platform.o   -Wl,--start-group,-lxil,-lgcc,-lc,--end-group
../src/helloworld.c:64:5: warning: implicit declaration of function 'simpleCopy' [-Wimplicit-function-declaration]
Finished building target: bramExample.elf
 
Invoking: ARM Print Size
arm-xilinx-eabi-size bramExample.elf  |tee "bramExample.elf.size"
   text	   data	    bss	    dec	    hex	filename
  70740	   2288	  30220	 103248	  19350	bramExample.elf
Finished building: bramExample.elf.size
 
15:47:33 **** Incremental Build of configuration Debug for project bramExample ****
make all 
make: Nothing to be done for `all'.
15:48:17 **** Auto Build of configuration Debug for project bramExample ****
make all 
Building file: ../src/helloworld.c
Invoking: ARM gcc compiler
arm-xilinx-eabi-gcc -Wall -O0 -g3 -c -fmessage-length=0 -I../../wideBRAM_bsp/ps7_cortexa9_0/include -MMD -MP -MF"src/helloworld.d" -MT"src/helloworld.d" -o "src/helloworld.o" "../src/helloworld.c"
../src/helloworld.c: In function 'main':
../src/helloworld.c:54:5: warning: implicit declaration of function 'init' [-Wimplicit-function-declaration]
../src/helloworld.c:55:5: warning: implicit declaration of function 'Xil_DCacheDisable' [-Wimplicit-function-declaration]
../src/helloworld.c:65:5: warning: implicit declaration of function 'simpleCopy' [-Wimplicit-function-declaration]
../src/helloworld.c:51:7: warning: unused variable 'dramOut' [-Wunused-variable]
Finished building: ../src/helloworld.c
 
Building target: bramExample.elf
Invoking: ARM gcc linker
arm-xilinx-eabi-gcc -Wl,-T -Wl,../src/lscript.ld -L../../wideBRAM_bsp/ps7_cortexa9_0/lib -o "bramExample.elf"  ./src/drivers.o ./src/helloworld.o ./src/platform.o   -Wl,--start-group,-lxil,-lgcc,-lc,--end-group
Finished building target: bramExample.elf
 
Invoking: ARM Print Size
arm-xilinx-eabi-size bramExample.elf  |tee "bramExample.elf.size"
   text	   data	    bss	    dec	    hex	filename
  70748	   2288	  30220	 103256	  19358	bramExample.elf
Finished building: bramExample.elf.size
 
15:48:35 **** Auto Build of configuration Debug for project bramExample ****
make all 
Building file: ../src/helloworld.c
Invoking: ARM gcc compiler
arm-xilinx-eabi-gcc -Wall -O0 -g3 -c -fmessage-length=0 -I../../wideBRAM_bsp/ps7_cortexa9_0/include -MMD -MP -MF"src/helloworld.d" -MT"src/helloworld.d" -o "src/helloworld.o" "../src/helloworld.c"
../src/helloworld.c: In function 'main':
../src/helloworld.c:54:5: warning: implicit declaration of function 'init' [-Wimplicit-function-declaration]
../src/helloworld.c:55:5: warning: implicit declaration of function 'Xil_DCacheDisable' [-Wimplicit-function-declaration]
../src/helloworld.c:65:5: warning: implicit declaration of function 'simpleCopy' [-Wimplicit-function-declaration]
Finished building: ../src/helloworld.c
 
Building target: bramExample.elf
Invoking: ARM gcc linker
arm-xilinx-eabi-gcc -Wl,-T -Wl,../src/lscript.ld -L../../wideBRAM_bsp/ps7_cortexa9_0/lib -o "bramExample.elf"  ./src/drivers.o ./src/helloworld.o ./src/platform.o   -Wl,--start-group,-lxil,-lgcc,-lc,--end-group
Finished building target: bramExample.elf
 
Invoking: ARM Print Size
arm-xilinx-eabi-size bramExample.elf  |tee "bramExample.elf.size"
   text	   data	    bss	    dec	    hex	filename
  70772	   2288	  30220	 103280	  19370	bramExample.elf
Finished building: bramExample.elf.size
 
15:48:37 **** Incremental Build of configuration Debug for project bramExample ****
make all 
make: Nothing to be done for `all'.
15:49:10 **** Auto Build of configuration Debug for project bramExample ****
make all 
Building file: ../src/helloworld.c
Invoking: ARM gcc compiler
arm-xilinx-eabi-gcc -Wall -O0 -g3 -c -fmessage-length=0 -I../../wideBRAM_bsp/ps7_cortexa9_0/include -MMD -MP -MF"src/helloworld.d" -MT"src/helloworld.d" -o "src/helloworld.o" "../src/helloworld.c"
../src/helloworld.c: In function 'main':
../src/helloworld.c:54:5: warning: implicit declaration of function 'init' [-Wimplicit-function-declaration]
../src/helloworld.c:55:5: warning: implicit declaration of function 'Xil_DCacheDisable' [-Wimplicit-function-declaration]
../src/helloworld.c:65:5: warning: implicit declaration of function 'simpleCopy' [-Wimplicit-function-declaration]
Finished building: ../src/helloworld.c
 
Building target: bramExample.elf
Invoking: ARM gcc linker
arm-xilinx-eabi-gcc -Wl,-T -Wl,../src/lscript.ld -L../../wideBRAM_bsp/ps7_cortexa9_0/lib -o "bramExample.elf"  ./src/drivers.o ./src/helloworld.o ./src/platform.o   -Wl,--start-group,-lxil,-lgcc,-lc,--end-group
Finished building target: bramExample.elf
 
Invoking: ARM Print Size
arm-xilinx-eabi-size bramExample.elf  |tee "bramExample.elf.size"
   text	   data	    bss	    dec	    hex	filename
  70780	   2288	  30220	 103288	  19378	bramExample.elf
Finished building: bramExample.elf.size
 
15:49:17 **** Auto Build of configuration Debug for project bramExample ****
make all 
Building file: ../src/helloworld.c
Invoking: ARM gcc compiler
arm-xilinx-eabi-gcc -Wall -O0 -g3 -c -fmessage-length=0 -I../../wideBRAM_bsp/ps7_cortexa9_0/include -MMD -MP -MF"src/helloworld.d" -MT"src/helloworld.d" -o "src/helloworld.o" "../src/helloworld.c"
../src/helloworld.c: In function 'main':
../src/helloworld.c:54:5: warning: implicit declaration of function 'init' [-Wimplicit-function-declaration]
../src/helloworld.c:55:5: warning: implicit declaration of function 'Xil_DCacheDisable' [-Wimplicit-function-declaration]
../src/helloworld.c:65:5: warning: implicit declaration of function 'simpleCopy' [-Wimplicit-function-declaration]
Finished building: ../src/helloworld.c
 
Building target: bramExample.elf
Invoking: ARM gcc linker
arm-xilinx-eabi-gcc -Wl,-T -Wl,../src/lscript.ld -L../../wideBRAM_bsp/ps7_cortexa9_0/lib -o "bramExample.elf"  ./src/drivers.o ./src/helloworld.o ./src/platform.o   -Wl,--start-group,-lxil,-lgcc,-lc,--end-group
Finished building target: bramExample.elf
 
Invoking: ARM Print Size
arm-xilinx-eabi-size bramExample.elf  |tee "bramExample.elf.size"
   text	   data	    bss	    dec	    hex	filename
  70780	   2288	  30220	 103288	  19378	bramExample.elf
Finished building: bramExample.elf.size
 
15:49:25 **** Incremental Build of configuration Debug for project bramExample ****
make all 
make: Nothing to be done for `all'.
15:49:54 **** Auto Build of configuration Debug for project bramExample ****
make all 
Building file: ../src/helloworld.c
Invoking: ARM gcc compiler
arm-xilinx-eabi-gcc -Wall -O0 -g3 -c -fmessage-length=0 -I../../wideBRAM_bsp/ps7_cortexa9_0/include -MMD -MP -MF"src/helloworld.d" -MT"src/helloworld.d" -o "src/helloworld.o" "../src/helloworld.c"
../src/helloworld.c: In function 'main':
../src/helloworld.c:54:5: warning: implicit declaration of function 'init' [-Wimplicit-function-declaration]
../src/helloworld.c:55:5: warning: implicit declaration of function 'Xil_DCacheDisable' [-Wimplicit-function-declaration]
../src/helloworld.c:65:5: warning: implicit declaration of function 'simpleCopy' [-Wimplicit-function-declaration]
Finished building: ../src/helloworld.c
 
Building target: bramExample.elf
Invoking: ARM gcc linker
arm-xilinx-eabi-gcc -Wl,-T -Wl,../src/lscript.ld -L../../wideBRAM_bsp/ps7_cortexa9_0/lib -o "bramExample.elf"  ./src/drivers.o ./src/helloworld.o ./src/platform.o   -Wl,--start-group,-lxil,-lgcc,-lc,--end-group
Finished building target: bramExample.elf
 
Invoking: ARM Print Size
arm-xilinx-eabi-size bramExample.elf  |tee "bramExample.elf.size"
   text	   data	    bss	    dec	    hex	filename
  70884	   2288	  30220	 103392	  193e0	bramExample.elf
Finished building: bramExample.elf.size
 
15:49:55 **** Incremental Build of configuration Debug for project bramExample ****
make all 
make: Nothing to be done for `all'.
15:50:29 **** Auto Build of configuration Debug for project bramExample ****
make all 
Building file: ../src/helloworld.c
Invoking: ARM gcc compiler
arm-xilinx-eabi-gcc -Wall -O0 -g3 -c -fmessage-length=0 -I../../wideBRAM_bsp/ps7_cortexa9_0/include -MMD -MP -MF"src/helloworld.d" -MT"src/helloworld.d" -o "src/helloworld.o" "../src/helloworld.c"
../src/helloworld.c: In function 'main':
../src/helloworld.c:54:5: warning: implicit declaration of function 'init' [-Wimplicit-function-declaration]
Finished building: ../src/helloworld.c
 
Building target: bramExample.elf
Invoking: ARM gcc linker
arm-xilinx-eabi-gcc -Wl,-T -Wl,../src/lscript.ld -L../../wideBRAM_bsp/ps7_cortexa9_0/lib -o "bramExample.elf"  ./src/drivers.o ./src/helloworld.o ./src/platform.o   -Wl,--start-group,-lxil,-lgcc,-lc,--end-group
../src/helloworld.c:55:5: warning: implicit declaration of function 'Xil_DCacheDisable' [-Wimplicit-function-declaration]
../src/helloworld.c:65:5: warning: implicit declaration of function 'simpleCopy' [-Wimplicit-function-declaration]
Finished building target: bramExample.elf
 
Invoking: ARM Print Size
arm-xilinx-eabi-size bramExample.elf  |tee "bramExample.elf.size"
   text	   data	    bss	    dec	    hex	filename
  70884	   2288	  30220	 103392	  193e0	bramExample.elf
Finished building: bramExample.elf.size
 
15:50:33 **** Incremental Build of configuration Debug for project bramExample ****
make all 
make: Nothing to be done for `all'.
15:50:52 **** Auto Build of configuration Debug for project bramExample ****
make all 
Building file: ../src/helloworld.c
Invoking: ARM gcc compiler
arm-xilinx-eabi-gcc -Wall -O0 -g3 -c -fmessage-length=0 -I../../wideBRAM_bsp/ps7_cortexa9_0/include -MMD -MP -MF"src/helloworld.d" -MT"src/helloworld.d" -o "src/helloworld.o" "../src/helloworld.c"
../src/helloworld.c: In function 'main':
../src/helloworld.c:54:5: warning: implicit declaration of function 'init' [-Wimplicit-function-declaration]
../src/helloworld.c:55:5: warning: implicit declaration of function 'Xil_DCacheDisable' [-Wimplicit-function-declaration]
../src/helloworld.c:65:5: warning: implicit declaration of function 'simpleCopy' [-Wimplicit-function-declaration]
Finished building: ../src/helloworld.c
 
Building target: bramExample.elf
Invoking: ARM gcc linker
arm-xilinx-eabi-gcc -Wl,-T -Wl,../src/lscript.ld -L../../wideBRAM_bsp/ps7_cortexa9_0/lib -o "bramExample.elf"  ./src/drivers.o ./src/helloworld.o ./src/platform.o   -Wl,--start-group,-lxil,-lgcc,-lc,--end-group
Finished building target: bramExample.elf
 
Invoking: ARM Print Size
arm-xilinx-eabi-size bramExample.elf  |tee "bramExample.elf.size"
   text	   data	    bss	    dec	    hex	filename
  70884	   2288	  30220	 103392	  193e0	bramExample.elf
Finished building: bramExample.elf.size
 
15:50:56 **** Incremental Build of configuration Debug for project bramExample ****
make all 
make: Nothing to be done for `all'.
15:51:37 **** Auto Build of configuration Debug for project bramExample ****
make all 
Building file: ../src/helloworld.c
Invoking: ARM gcc compiler
arm-xilinx-eabi-gcc -Wall -O0 -g3 -c -fmessage-length=0 -I../../wideBRAM_bsp/ps7_cortexa9_0/include -MMD -MP -MF"src/helloworld.d" -MT"src/helloworld.d" -o "src/helloworld.o" "../src/helloworld.c"
../src/helloworld.c: In function 'main':
../src/helloworld.c:54:5: warning: implicit declaration of function 'init' [-Wimplicit-function-declaration]
../src/helloworld.c:55:5: warning: implicit declaration of function 'Xil_DCacheDisable' [-Wimplicit-function-declaration]
../src/helloworld.c:65:5: warning: implicit declaration of function 'simpleCopy' [-Wimplicit-function-declaration]
Finished building: ../src/helloworld.c
 
Building target: bramExample.elf
Invoking: ARM gcc linker
arm-xilinx-eabi-gcc -Wl,-T -Wl,../src/lscript.ld -L../../wideBRAM_bsp/ps7_cortexa9_0/lib -o "bramExample.elf"  ./src/drivers.o ./src/helloworld.o ./src/platform.o   -Wl,--start-group,-lxil,-lgcc,-lc,--end-group
Finished building target: bramExample.elf
 
Invoking: ARM Print Size
arm-xilinx-eabi-size bramExample.elf  |tee "bramExample.elf.size"
   text	   data	    bss	    dec	    hex	filename
  70868	   2288	  30220	 103376	  193d0	bramExample.elf
Finished building: bramExample.elf.size
 
15:51:40 **** Incremental Build of configuration Debug for project bramExample ****
make all 
make: Nothing to be done for `all'.
15:52:08 **** Incremental Build of configuration Debug for project bramExample ****
make all 
make: Nothing to be done for `all'.
15:52:39 **** Auto Build of configuration Debug for project bramExample ****
make all 
Building file: ../src/helloworld.c
Invoking: ARM gcc compiler
arm-xilinx-eabi-gcc -Wall -O0 -g3 -c -fmessage-length=0 -I../../wideBRAM_bsp/ps7_cortexa9_0/include -MMD -MP -MF"src/helloworld.d" -MT"src/helloworld.d" -o "src/helloworld.o" "../src/helloworld.c"
../src/helloworld.c: In function 'main':
../src/helloworld.c:54:5: warning: implicit declaration of function 'init' [-Wimplicit-function-declaration]
../src/helloworld.c:55:5: warning: implicit declaration of function 'Xil_DCacheDisable' [-Wimplicit-function-declaration]
Finished building: ../src/helloworld.c
../src/helloworld.c:65:5: warning: implicit declaration of function 'simpleCopy' [-Wimplicit-function-declaration]
 
Building target: bramExample.elf
Invoking: ARM gcc linker
arm-xilinx-eabi-gcc -Wl,-T -Wl,../src/lscript.ld -L../../wideBRAM_bsp/ps7_cortexa9_0/lib -o "bramExample.elf"  ./src/drivers.o ./src/helloworld.o ./src/platform.o   -Wl,--start-group,-lxil,-lgcc,-lc,--end-group
Finished building target: bramExample.elf
 
Invoking: ARM Print Size
arm-xilinx-eabi-size bramExample.elf  |tee "bramExample.elf.size"
   text	   data	    bss	    dec	    hex	filename
  70868	   2288	  30220	 103376	  193d0	bramExample.elf
Finished building: bramExample.elf.size
 
15:52:41 **** Incremental Build of configuration Debug for project bramExample ****
make all 
make: Nothing to be done for `all'.
15:53:35 **** Auto Build of configuration Debug for project bramExample ****
make all 
Building file: ../src/helloworld.c
Invoking: ARM gcc compiler
arm-xilinx-eabi-gcc -Wall -O0 -g3 -c -fmessage-length=0 -I../../wideBRAM_bsp/ps7_cortexa9_0/include -MMD -MP -MF"src/helloworld.d" -MT"src/helloworld.d" -o "src/helloworld.o" "../src/helloworld.c"
../src/helloworld.c: In function 'main':
../src/helloworld.c:54:5: warning: implicit declaration of function 'init' [-Wimplicit-function-declaration]
../src/helloworld.c:55:5: warning: implicit declaration of function 'Xil_DCacheDisable' [-Wimplicit-function-declaration]
Finished building: ../src/helloworld.c
 
Building target: bramExample.elf
Invoking: ARM gcc linker
arm-xilinx-eabi-gcc -Wl,-T -Wl,../src/lscript.ld -L../../wideBRAM_bsp/ps7_cortexa9_0/lib -o "bramExample.elf"  ./src/drivers.o ./src/helloworld.o ./src/platform.o   -Wl,--start-group,-lxil,-lgcc,-lc,--end-group
../src/helloworld.c:65:5: warning: implicit declaration of function 'simpleCopy' [-Wimplicit-function-declaration]
Finished building target: bramExample.elf
 
Invoking: ARM Print Size
arm-xilinx-eabi-size bramExample.elf  |tee "bramExample.elf.size"
   text	   data	    bss	    dec	    hex	filename
  70868	   2288	  30220	 103376	  193d0	bramExample.elf
Finished building: bramExample.elf.size
 
15:53:36 **** Incremental Build of configuration Debug for project bramExample ****
make all 
make: Nothing to be done for `all'.
15:54:27 **** Auto Build of configuration Debug for project bramExample ****
make all 
Building file: ../src/helloworld.c
Invoking: ARM gcc compiler
arm-xilinx-eabi-gcc -Wall -O0 -g3 -c -fmessage-length=0 -I../../wideBRAM_bsp/ps7_cortexa9_0/include -MMD -MP -MF"src/helloworld.d" -MT"src/helloworld.d" -o "src/helloworld.o" "../src/helloworld.c"
../src/helloworld.c: In function 'main':
../src/helloworld.c:54:5: warning: implicit declaration of function 'init' [-Wimplicit-function-declaration]
../src/helloworld.c:55:5: warning: implicit declaration of function 'Xil_DCacheDisable' [-Wimplicit-function-declaration]
Finished building: ../src/helloworld.c
 
Building target: bramExample.elf
Invoking: ARM gcc linker
arm-xilinx-eabi-gcc -Wl,-T -Wl,../src/lscript.ld -L../../wideBRAM_bsp/ps7_cortexa9_0/lib -o "bramExample.elf"  ./src/drivers.o ./src/helloworld.o ./src/platform.o   -Wl,--start-group,-lxil,-lgcc,-lc,--end-group
../src/helloworld.c:65:5: warning: implicit declaration of function 'simpleCopy' [-Wimplicit-function-declaration]
Finished building target: bramExample.elf
 
Invoking: ARM Print Size
arm-xilinx-eabi-size bramExample.elf  |tee "bramExample.elf.size"
   text	   data	    bss	    dec	    hex	filename
  70884	   2288	  30220	 103392	  193e0	bramExample.elf
Finished building: bramExample.elf.size
 
15:54:28 **** Incremental Build of configuration Debug for project bramExample ****
make all 
make: Nothing to be done for `all'.
15:54:38 **** Auto Build of configuration Debug for project bramExample ****
make all 
Building file: ../src/helloworld.c
Invoking: ARM gcc compiler
arm-xilinx-eabi-gcc -Wall -O0 -g3 -c -fmessage-length=0 -I../../wideBRAM_bsp/ps7_cortexa9_0/include -MMD -MP -MF"src/helloworld.d" -MT"src/helloworld.d" -o "src/helloworld.o" "../src/helloworld.c"
../src/helloworld.c: In function 'main':
../src/helloworld.c:54:5: warning: implicit declaration of function 'init' [-Wimplicit-function-declaration]
../src/helloworld.c:55:5: warning: implicit declaration of function 'Xil_DCacheDisable' [-Wimplicit-function-declaration]
../src/helloworld.c:65:5: warning: implicit declaration of function 'simpleCopy' [-Wimplicit-function-declaration]
Finished building: ../src/helloworld.c
 
Building target: bramExample.elf
Invoking: ARM gcc linker
arm-xilinx-eabi-gcc -Wl,-T -Wl,../src/lscript.ld -L../../wideBRAM_bsp/ps7_cortexa9_0/lib -o "bramExample.elf"  ./src/drivers.o ./src/helloworld.o ./src/platform.o   -Wl,--start-group,-lxil,-lgcc,-lc,--end-group
Finished building target: bramExample.elf
 
Invoking: ARM Print Size
arm-xilinx-eabi-size bramExample.elf  |tee "bramExample.elf.size"
   text	   data	    bss	    dec	    hex	filename
  70876	   2288	  30220	 103384	  193d8	bramExample.elf
Finished building: bramExample.elf.size
 
15:54:40 **** Incremental Build of configuration Debug for project bramExample ****
make all 
make: Nothing to be done for `all'.
15:54:52 **** Auto Build of configuration Debug for project bramExample ****
make all 
Building file: ../src/helloworld.c
Invoking: ARM gcc compiler
arm-xilinx-eabi-gcc -Wall -O0 -g3 -c -fmessage-length=0 -I../../wideBRAM_bsp/ps7_cortexa9_0/include -MMD -MP -MF"src/helloworld.d" -MT"src/helloworld.d" -o "src/helloworld.o" "../src/helloworld.c"
../src/helloworld.c: In function 'main':
../src/helloworld.c:54:5: warning: implicit declaration of function 'init' [-Wimplicit-function-declaration]
../src/helloworld.c:55:5: warning: implicit declaration of function 'Xil_DCacheDisable' [-Wimplicit-function-declaration]
../src/helloworld.c:65:5: warning: implicit declaration of function 'simpleCopy' [-Wimplicit-function-declaration]
Finished building: ../src/helloworld.c
 
Building target: bramExample.elf
Invoking: ARM gcc linker
arm-xilinx-eabi-gcc -Wl,-T -Wl,../src/lscript.ld -L../../wideBRAM_bsp/ps7_cortexa9_0/lib -o "bramExample.elf"  ./src/drivers.o ./src/helloworld.o ./src/platform.o   -Wl,--start-group,-lxil,-lgcc,-lc,--end-group
Finished building target: bramExample.elf
 
Invoking: ARM Print Size
arm-xilinx-eabi-size bramExample.elf  |tee "bramExample.elf.size"
   text	   data	    bss	    dec	    hex	filename
  70876	   2288	  30220	 103384	  193d8	bramExample.elf
Finished building: bramExample.elf.size
 
15:54:54 **** Incremental Build of configuration Debug for project bramExample ****
make all 
make: Nothing to be done for `all'.
15:55:01 **** Auto Build of configuration Debug for project bramExample ****
make all 
Building file: ../src/helloworld.c
Invoking: ARM gcc compiler
arm-xilinx-eabi-gcc -Wall -O0 -g3 -c -fmessage-length=0 -I../../wideBRAM_bsp/ps7_cortexa9_0/include -MMD -MP -MF"src/helloworld.d" -MT"src/helloworld.d" -o "src/helloworld.o" "../src/helloworld.c"
../src/helloworld.c: In function 'main':
../src/helloworld.c:54:5: warning: implicit declaration of function 'init' [-Wimplicit-function-declaration]
../src/helloworld.c:55:5: warning: implicit declaration of function 'Xil_DCacheDisable' [-Wimplicit-function-declaration]
../src/helloworld.c:65:5: warning: implicit declaration of function 'simpleCopy' [-Wimplicit-function-declaration]
Finished building: ../src/helloworld.c
 
Building target: bramExample.elf
Invoking: ARM gcc linker
arm-xilinx-eabi-gcc -Wl,-T -Wl,../src/lscript.ld -L../../wideBRAM_bsp/ps7_cortexa9_0/lib -o "bramExample.elf"  ./src/drivers.o ./src/helloworld.o ./src/platform.o   -Wl,--start-group,-lxil,-lgcc,-lc,--end-group
Finished building target: bramExample.elf
 
Invoking: ARM Print Size
arm-xilinx-eabi-size bramExample.elf  |tee "bramExample.elf.size"
   text	   data	    bss	    dec	    hex	filename
  70876	   2288	  30220	 103384	  193d8	bramExample.elf
Finished building: bramExample.elf.size
 
15:55:02 **** Incremental Build of configuration Debug for project bramExample ****
make all 
make: Nothing to be done for `all'.
15:55:08 **** Auto Build of configuration Debug for project bramExample ****
make all 
Building file: ../src/helloworld.c
Invoking: ARM gcc compiler
arm-xilinx-eabi-gcc -Wall -O0 -g3 -c -fmessage-length=0 -I../../wideBRAM_bsp/ps7_cortexa9_0/include -MMD -MP -MF"src/helloworld.d" -MT"src/helloworld.d" -o "src/helloworld.o" "../src/helloworld.c"
../src/helloworld.c: In function 'main':
../src/helloworld.c:54:5: warning: implicit declaration of function 'init' [-Wimplicit-function-declaration]
../src/helloworld.c:55:5: warning: implicit declaration of function 'Xil_DCacheDisable' [-Wimplicit-function-declaration]
Finished building: ../src/helloworld.c
 
Building target: bramExample.elf
Invoking: ARM gcc linker
arm-xilinx-eabi-gcc -Wl,-T -Wl,../src/lscript.ld -L../../wideBRAM_bsp/ps7_cortexa9_0/lib -o "bramExample.elf"  ./src/drivers.o ./src/helloworld.o ./src/platform.o   -Wl,--start-group,-lxil,-lgcc,-lc,--end-group
Finished building target: bramExample.elf
 
Invoking: ARM Print Size
arm-xilinx-eabi-size bramExample.elf  |tee "bramExample.elf.size"
../src/helloworld.c:65:5: warning: implicit declaration of function 'simpleCopy' [-Wimplicit-function-declaration]
   text	   data	    bss	    dec	    hex	filename
  70876	   2288	  30220	 103384	  193d8	bramExample.elf
Finished building: bramExample.elf.size
 
15:55:09 **** Incremental Build of configuration Debug for project bramExample ****
make all 
make: Nothing to be done for `all'.
15:55:21 **** Auto Build of configuration Debug for project bramExample ****
make all 
Building file: ../src/helloworld.c
Invoking: ARM gcc compiler
arm-xilinx-eabi-gcc -Wall -O0 -g3 -c -fmessage-length=0 -I../../wideBRAM_bsp/ps7_cortexa9_0/include -MMD -MP -MF"src/helloworld.d" -MT"src/helloworld.d" -o "src/helloworld.o" "../src/helloworld.c"
Finished building: ../src/helloworld.c
../src/helloworld.c: In function 'main':
../src/helloworld.c:54:5: warning: implicit declaration of function 'init' [-Wimplicit-function-declaration]
../src/helloworld.c:55:5: warning: implicit declaration of function 'Xil_DCacheDisable' [-Wimplicit-function-declaration]
../src/helloworld.c:65:5: warning: implicit declaration of function 'simpleCopy' [-Wimplicit-function-declaration]
 
Building target: bramExample.elf
Invoking: ARM gcc linker
arm-xilinx-eabi-gcc -Wl,-T -Wl,../src/lscript.ld -L../../wideBRAM_bsp/ps7_cortexa9_0/lib -o "bramExample.elf"  ./src/drivers.o ./src/helloworld.o ./src/platform.o   -Wl,--start-group,-lxil,-lgcc,-lc,--end-group
Finished building target: bramExample.elf
 
Invoking: ARM Print Size
arm-xilinx-eabi-size bramExample.elf  |tee "bramExample.elf.size"
   text	   data	    bss	    dec	    hex	filename
  70876	   2288	  30220	 103384	  193d8	bramExample.elf
Finished building: bramExample.elf.size
 
15:56:39 **** Auto Build of configuration Debug for project bramExample ****
make all 
Building file: ../src/helloworld.c
Invoking: ARM gcc compiler
arm-xilinx-eabi-gcc -Wall -O0 -g3 -c -fmessage-length=0 -I../../wideBRAM_bsp/ps7_cortexa9_0/include -MMD -MP -MF"src/helloworld.d" -MT"src/helloworld.d" -o "src/helloworld.o" "../src/helloworld.c"
../src/helloworld.c: In function 'main':
../src/helloworld.c:54:5: warning: implicit declaration of function 'init' [-Wimplicit-function-declaration]
../src/helloworld.c:55:5: warning: implicit declaration of function 'Xil_DCacheDisable' [-Wimplicit-function-declaration]
../src/helloworld.c:65:5: warning: implicit declaration of function 'simpleCopy' [-Wimplicit-function-declaration]
Finished building: ../src/helloworld.c
 
Building target: bramExample.elf
Invoking: ARM gcc linker
arm-xilinx-eabi-gcc -Wl,-T -Wl,../src/lscript.ld -L../../wideBRAM_bsp/ps7_cortexa9_0/lib -o "bramExample.elf"  ./src/drivers.o ./src/helloworld.o ./src/platform.o   -Wl,--start-group,-lxil,-lgcc,-lc,--end-group
Finished building target: bramExample.elf
 
Invoking: ARM Print Size
arm-xilinx-eabi-size bramExample.elf  |tee "bramExample.elf.size"
   text	   data	    bss	    dec	    hex	filename
  70876	   2288	  30220	 103384	  193d8	bramExample.elf
Finished building: bramExample.elf.size
 
15:56:49 **** Auto Build of configuration Debug for project bramExample ****
make all 
Building file: ../src/helloworld.c
Invoking: ARM gcc compiler
arm-xilinx-eabi-gcc -Wall -O0 -g3 -c -fmessage-length=0 -I../../wideBRAM_bsp/ps7_cortexa9_0/include -MMD -MP -MF"src/helloworld.d" -MT"src/helloworld.d" -o "src/helloworld.o" "../src/helloworld.c"
../src/helloworld.c: In function 'main':
../src/helloworld.c:54:5: warning: implicit declaration of function 'init' [-Wimplicit-function-declaration]
../src/helloworld.c:55:5: warning: implicit declaration of function 'Xil_DCacheDisable' [-Wimplicit-function-declaration]
Finished building: ../src/helloworld.c
../src/helloworld.c:65:5: warning: implicit declaration of function 'simpleCopy' [-Wimplicit-function-declaration]
 
Building target: bramExample.elf
Invoking: ARM gcc linker
arm-xilinx-eabi-gcc -Wl,-T -Wl,../src/lscript.ld -L../../wideBRAM_bsp/ps7_cortexa9_0/lib -o "bramExample.elf"  ./src/drivers.o ./src/helloworld.o ./src/platform.o   -Wl,--start-group,-lxil,-lgcc,-lc,--end-group
Finished building target: bramExample.elf
 
Invoking: ARM Print Size
arm-xilinx-eabi-size bramExample.elf  |tee "bramExample.elf.size"
   text	   data	    bss	    dec	    hex	filename
  70876	   2288	  30220	 103384	  193d8	bramExample.elf
Finished building: bramExample.elf.size
 
15:56:53 **** Auto Build of configuration Debug for project bramExample ****
make all 
Building file: ../src/helloworld.c
Invoking: ARM gcc compiler
arm-xilinx-eabi-gcc -Wall -O0 -g3 -c -fmessage-length=0 -I../../wideBRAM_bsp/ps7_cortexa9_0/include -MMD -MP -MF"src/helloworld.d" -MT"src/helloworld.d" -o "src/helloworld.o" "../src/helloworld.c"
../src/helloworld.c: In function 'main':
../src/helloworld.c:54:5: warning: implicit declaration of function 'init' [-Wimplicit-function-declaration]
../src/helloworld.c:55:5: warning: implicit declaration of function 'Xil_DCacheDisable' [-Wimplicit-function-declaration]
../src/helloworld.c:65:5: warning: implicit declaration of function 'simpleCopy' [-Wimplicit-function-declaration]
Finished building: ../src/helloworld.c
 
Building target: bramExample.elf
Invoking: ARM gcc linker
arm-xilinx-eabi-gcc -Wl,-T -Wl,../src/lscript.ld -L../../wideBRAM_bsp/ps7_cortexa9_0/lib -o "bramExample.elf"  ./src/drivers.o ./src/helloworld.o ./src/platform.o   -Wl,--start-group,-lxil,-lgcc,-lc,--end-group
Finished building target: bramExample.elf
 
Invoking: ARM Print Size
arm-xilinx-eabi-size bramExample.elf  |tee "bramExample.elf.size"
   text	   data	    bss	    dec	    hex	filename
  70868	   2288	  30220	 103376	  193d0	bramExample.elf
Finished building: bramExample.elf.size
 
15:56:59 **** Auto Build of configuration Debug for project bramExample ****
make all 
Building file: ../src/helloworld.c
Invoking: ARM gcc compiler
arm-xilinx-eabi-gcc -Wall -O0 -g3 -c -fmessage-length=0 -I../../wideBRAM_bsp/ps7_cortexa9_0/include -MMD -MP -MF"src/helloworld.d" -MT"src/helloworld.d" -o "src/helloworld.o" "../src/helloworld.c"
../src/helloworld.c: In function 'main':
../src/helloworld.c:54:5: warning: implicit declaration of function 'init' [-Wimplicit-function-declaration]
../src/helloworld.c:55:5: warning: implicit declaration of function 'Xil_DCacheDisable' [-Wimplicit-function-declaration]
Finished building: ../src/helloworld.c
 
Building target: bramExample.elf
Invoking: ARM gcc linker
arm-xilinx-eabi-gcc -Wl,-T -Wl,../src/lscript.ld -L../../wideBRAM_bsp/ps7_cortexa9_0/lib -o "bramExample.elf"  ./src/drivers.o ./src/helloworld.o ./src/platform.o   -Wl,--start-group,-lxil,-lgcc,-lc,--end-group
../src/helloworld.c:65:5: warning: implicit declaration of function 'simpleCopy' [-Wimplicit-function-declaration]
Finished building target: bramExample.elf
 
Invoking: ARM Print Size
arm-xilinx-eabi-size bramExample.elf  |tee "bramExample.elf.size"
   text	   data	    bss	    dec	    hex	filename
  70868	   2288	  30220	 103376	  193d0	bramExample.elf
Finished building: bramExample.elf.size
 
15:58:31 **** Incremental Build of configuration Debug for project bramExample ****
make all 
make: Nothing to be done for `all'.
15:58:46 **** Auto Build of configuration Debug for project bramExample ****
make all 
Building file: ../src/helloworld.c
Invoking: ARM gcc compiler
arm-xilinx-eabi-gcc -Wall -O0 -g3 -c -fmessage-length=0 -I../../wideBRAM_bsp/ps7_cortexa9_0/include -MMD -MP -MF"src/helloworld.d" -MT"src/helloworld.d" -o "src/helloworld.o" "../src/helloworld.c"
../src/helloworld.c: In function 'main':
../src/helloworld.c:54:5: warning: implicit declaration of function 'init' [-Wimplicit-function-declaration]
../src/helloworld.c:55:5: warning: implicit declaration of function 'Xil_DCacheDisable' [-Wimplicit-function-declaration]
../src/helloworld.c:65:5: warning: implicit declaration of function 'simpleCopy' [-Wimplicit-function-declaration]
Finished building: ../src/helloworld.c
 
Building target: bramExample.elf
Invoking: ARM gcc linker
arm-xilinx-eabi-gcc -Wl,-T -Wl,../src/lscript.ld -L../../wideBRAM_bsp/ps7_cortexa9_0/lib -o "bramExample.elf"  ./src/drivers.o ./src/helloworld.o ./src/platform.o   -Wl,--start-group,-lxil,-lgcc,-lc,--end-group
Finished building target: bramExample.elf
 
Invoking: ARM Print Size
arm-xilinx-eabi-size bramExample.elf  |tee "bramExample.elf.size"
   text	   data	    bss	    dec	    hex	filename
  70868	   2288	  30220	 103376	  193d0	bramExample.elf
Finished building: bramExample.elf.size
 
15:58:48 **** Incremental Build of configuration Debug for project bramExample ****
make all 
make: Nothing to be done for `all'.
15:59:03 **** Auto Build of configuration Debug for project bramExample ****
make all 
Building file: ../src/helloworld.c
Invoking: ARM gcc compiler
arm-xilinx-eabi-gcc -Wall -O0 -g3 -c -fmessage-length=0 -I../../wideBRAM_bsp/ps7_cortexa9_0/include -MMD -MP -MF"src/helloworld.d" -MT"src/helloworld.d" -o "src/helloworld.o" "../src/helloworld.c"
../src/helloworld.c: In function 'main':
../src/helloworld.c:54:5: warning: implicit declaration of function 'init' [-Wimplicit-function-declaration]
../src/helloworld.c:55:5: warning: implicit declaration of function 'Xil_DCacheDisable' [-Wimplicit-function-declaration]
../src/helloworld.c:65:5: warning: implicit declaration of function 'simpleCopy' [-Wimplicit-function-declaration]
Finished building: ../src/helloworld.c
 
Building target: bramExample.elf
Invoking: ARM gcc linker
arm-xilinx-eabi-gcc -Wl,-T -Wl,../src/lscript.ld -L../../wideBRAM_bsp/ps7_cortexa9_0/lib -o "bramExample.elf"  ./src/drivers.o ./src/helloworld.o ./src/platform.o   -Wl,--start-group,-lxil,-lgcc,-lc,--end-group
Finished building target: bramExample.elf
 
Invoking: ARM Print Size
arm-xilinx-eabi-size bramExample.elf  |tee "bramExample.elf.size"
   text	   data	    bss	    dec	    hex	filename
  70868	   2288	  30220	 103376	  193d0	bramExample.elf
Finished building: bramExample.elf.size
 
15:59:05 **** Incremental Build of configuration Debug for project bramExample ****
make all 
make: Nothing to be done for `all'.
15:59:35 **** Auto Build of configuration Debug for project bramExample ****
make all 
Building file: ../src/helloworld.c
Invoking: ARM gcc compiler
arm-xilinx-eabi-gcc -Wall -O0 -g3 -c -fmessage-length=0 -I../../wideBRAM_bsp/ps7_cortexa9_0/include -MMD -MP -MF"src/helloworld.d" -MT"src/helloworld.d" -o "src/helloworld.o" "../src/helloworld.c"
../src/helloworld.c: In function 'main':
../src/helloworld.c:54:5: warning: implicit declaration of function 'init' [-Wimplicit-function-declaration]
../src/helloworld.c:55:5: warning: implicit declaration of function 'Xil_DCacheDisable' [-Wimplicit-function-declaration]
../src/helloworld.c:65:5: warning: implicit declaration of function 'simpleCopy' [-Wimplicit-function-declaration]
Finished building: ../src/helloworld.c
 
Building target: bramExample.elf
Invoking: ARM gcc linker
arm-xilinx-eabi-gcc -Wl,-T -Wl,../src/lscript.ld -L../../wideBRAM_bsp/ps7_cortexa9_0/lib -o "bramExample.elf"  ./src/drivers.o ./src/helloworld.o ./src/platform.o   -Wl,--start-group,-lxil,-lgcc,-lc,--end-group
Finished building target: bramExample.elf
 
Invoking: ARM Print Size
arm-xilinx-eabi-size bramExample.elf  |tee "bramExample.elf.size"
   text	   data	    bss	    dec	    hex	filename
  70868	   2288	  30220	 103376	  193d0	bramExample.elf
Finished building: bramExample.elf.size
 
15:59:36 **** Incremental Build of configuration Debug for project bramExample ****
make all 
make: Nothing to be done for `all'.
15:59:55 **** Auto Build of configuration Debug for project bramExample ****
make all 
Building file: ../src/helloworld.c
Invoking: ARM gcc compiler
arm-xilinx-eabi-gcc -Wall -O0 -g3 -c -fmessage-length=0 -I../../wideBRAM_bsp/ps7_cortexa9_0/include -MMD -MP -MF"src/helloworld.d" -MT"src/helloworld.d" -o "src/helloworld.o" "../src/helloworld.c"
../src/helloworld.c: In function 'main':
[...]
make all 
Building file: ../src/helloworld.c
Invoking: ARM gcc compiler
arm-xilinx-eabi-gcc -Wall -O0 -g3 -c -fmessage-length=0 -I../../wideBRAM_bsp/ps7_cortexa9_0/include -MMD -MP -MF"src/helloworld.d" -MT"src/helloworld.d" -o "src/helloworld.o" "../src/helloworld.c"
../src/helloworld.c: In function 'main':
../src/helloworld.c:55:5: warning: implicit declaration of function 'init' [-Wimplicit-function-declaration]
../src/helloworld.c:56:5: warning: implicit declaration of function 'Xil_DCacheDisable' [-Wimplicit-function-declaration]
../src/helloworld.c:65:6: warning: implicit declaration of function 'printData' [-Wimplicit-function-declaration]
Finished building: ../src/helloworld.c
../src/helloworld.c:74:5: warning: implicit declaration of function 'simpleCopy' [-Wimplicit-function-declaration]
 
Building target: bramExample.elf
Invoking: ARM gcc linker
arm-xilinx-eabi-gcc -Wl,-T -Wl,../src/lscript.ld -L../../wideBRAM_bsp/ps7_cortexa9_0/lib -o "bramExample.elf"  ./src/drivers.o ./src/helloworld.o ./src/platform.o   -Wl,--start-group,-lxil,-lgcc,-lc,--end-group
Finished building target: bramExample.elf
 
Invoking: ARM Print Size
arm-xilinx-eabi-size bramExample.elf  |tee "bramExample.elf.size"
   text	   data	    bss	    dec	    hex	filename
  71716	   2288	  30220	 104224	  19720	bramExample.elf
Finished building: bramExample.elf.size
 
16:48:04 **** Auto Build of configuration Debug for project bramExample ****
make all 
Building file: ../src/helloworld.c
Invoking: ARM gcc compiler
arm-xilinx-eabi-gcc -Wall -O0 -g3 -c -fmessage-length=0 -I../../wideBRAM_bsp/ps7_cortexa9_0/include -MMD -MP -MF"src/helloworld.d" -MT"src/helloworld.d" -o "src/helloworld.o" "../src/helloworld.c"
../src/helloworld.c: In function 'main':
../src/helloworld.c:55:5: warning: implicit declaration of function 'init' [-Wimplicit-function-declaration]
../src/helloworld.c:56:5: warning: implicit declaration of function 'Xil_DCacheDisable' [-Wimplicit-function-declaration]
../src/helloworld.c:65:6: warning: implicit declaration of function 'printData' [-Wimplicit-function-declaration]
../src/helloworld.c:73:5: warning: implicit declaration of function 'simpleCopy' [-Wimplicit-function-declaration]
Finished building: ../src/helloworld.c
 
Building target: bramExample.elf
Invoking: ARM gcc linker
arm-xilinx-eabi-gcc -Wl,-T -Wl,../src/lscript.ld -L../../wideBRAM_bsp/ps7_cortexa9_0/lib -o "bramExample.elf"  ./src/drivers.o ./src/helloworld.o ./src/platform.o   -Wl,--start-group,-lxil,-lgcc,-lc,--end-group
Finished building target: bramExample.elf
 
Invoking: ARM Print Size
arm-xilinx-eabi-size bramExample.elf  |tee "bramExample.elf.size"
   text	   data	    bss	    dec	    hex	filename
  71716	   2288	  30220	 104224	  19720	bramExample.elf
Finished building: bramExample.elf.size
 
16:48:10 **** Incremental Build of configuration Debug for project bramExample ****
make all 
make: Nothing to be done for `all'.
16:48:41 **** Auto Build of configuration Debug for project bramExample ****
make all 
Building file: ../src/helloworld.c
Invoking: ARM gcc compiler
arm-xilinx-eabi-gcc -Wall -O0 -g3 -c -fmessage-length=0 -I../../wideBRAM_bsp/ps7_cortexa9_0/include -MMD -MP -MF"src/helloworld.d" -MT"src/helloworld.d" -o "src/helloworld.o" "../src/helloworld.c"
../src/helloworld.c: In function 'main':
../src/helloworld.c:55:5: warning: implicit declaration of function 'init' [-Wimplicit-function-declaration]
../src/helloworld.c:56:5: warning: implicit declaration of function 'Xil_DCacheDisable' [-Wimplicit-function-declaration]
../src/helloworld.c:65:6: warning: implicit declaration of function 'printData' [-Wimplicit-function-declaration]
../src/helloworld.c:73:5: warning: implicit declaration of function 'simpleCopy' [-Wimplicit-function-declaration]
Finished building: ../src/helloworld.c
 
Building target: bramExample.elf
Invoking: ARM gcc linker
arm-xilinx-eabi-gcc -Wl,-T -Wl,../src/lscript.ld -L../../wideBRAM_bsp/ps7_cortexa9_0/lib -o "bramExample.elf"  ./src/drivers.o ./src/helloworld.o ./src/platform.o   -Wl,--start-group,-lxil,-lgcc,-lc,--end-group
Finished building target: bramExample.elf
 
Invoking: ARM Print Size
arm-xilinx-eabi-size bramExample.elf  |tee "bramExample.elf.size"
   text	   data	    bss	    dec	    hex	filename
  71708	   2288	  30220	 104216	  19718	bramExample.elf
Finished building: bramExample.elf.size
 
16:48:48 **** Incremental Build of configuration Debug for project bramExample ****
make all 
make: Nothing to be done for `all'.
16:50:43 **** Auto Build of configuration Debug for project bramExample ****
make all 
Building file: ../src/drivers.c
Invoking: ARM gcc compiler
arm-xilinx-eabi-gcc -Wall -O0 -g3 -c -fmessage-length=0 -I../../wideBRAM_bsp/ps7_cortexa9_0/include -MMD -MP -MF"src/drivers.d" -MT"src/drivers.d" -o "src/drivers.o" "../src/drivers.c"
../src/drivers.c: In function 'dma_init':
../src/drivers.c:110:9: warning: implicit declaration of function 'XAxiCdma_IsSimpleMode' [-Wimplicit-function-declaration]
../src/drivers.c: In function 'printArray':
../src/drivers.c:166:3: warning: format '%x' expects argument of type 'unsigned int', but argument 2 has type 'int *' [-Wformat]
../src/drivers.c:166:3: warning: format '%x' expects argument of type 'unsigned int', but argument 2 has type 'int *' [-Wformat]
../src/drivers.c: In function 'printData':
../src/drivers.c:186:3: warning: format '%x' expects argument of type 'unsigned int', but argument 2 has type 'u32' [-Wformat]
../src/drivers.c:186:3: warning: format '%x' expects argument of type 'unsigned int', but argument 2 has type 'u32' [-Wformat]
../src/drivers.c: In function 'dumpAllRegs':
../src/drivers.c:197:3: warning: format '%x' expects argument of type 'unsigned int', but argument 3 has type 'u32' [-Wformat]
../src/drivers.c:197:3: warning: format '%x' expects argument of type 'unsigned int', but argument 3 has type 'u32' [-Wformat]
Finished building: ../src/drivers.c
 
Building target: bramExample.elf
Invoking: ARM gcc linker
arm-xilinx-eabi-gcc -Wl,-T -Wl,../src/lscript.ld -L../../wideBRAM_bsp/ps7_cortexa9_0/lib -o "bramExample.elf"  ./src/drivers.o ./src/helloworld.o ./src/platform.o   -Wl,--start-group,-lxil,-lgcc,-lc,--end-group
Finished building target: bramExample.elf
 
Invoking: ARM Print Size
arm-xilinx-eabi-size bramExample.elf  |tee "bramExample.elf.size"
   text	   data	    bss	    dec	    hex	filename
  71668	   2288	  30220	 104176	  196f0	bramExample.elf
Finished building: bramExample.elf.size
 
16:50:46 **** Auto Build of configuration Debug for project bramExample ****
make all 
Building file: ../src/drivers.c
Invoking: ARM gcc compiler
arm-xilinx-eabi-gcc -Wall -O0 -g3 -c -fmessage-length=0 -I../../wideBRAM_bsp/ps7_cortexa9_0/include -MMD -MP -MF"src/drivers.d" -MT"src/drivers.d" -o "src/drivers.o" "../src/drivers.c"
../src/drivers.c: In function 'dma_init':
../src/drivers.c:110:9: warning: implicit declaration of function 'XAxiCdma_IsSimpleMode' [-Wimplicit-function-declaration]
../src/drivers.c: In function 'printArray':
../src/drivers.c:166:3: warning: format '%x' expects argument of type 'unsigned int', but argument 2 has type 'int *' [-Wformat]
Finished building: ../src/drivers.c
 
Building target: bramExample.elf
Invoking: ARM gcc linker
arm-xilinx-eabi-gcc -Wl,-T -Wl,../src/lscript.ld -L../../wideBRAM_bsp/ps7_cortexa9_0/lib -o "bramExample.elf"  ./src/drivers.o ./src/helloworld.o ./src/platform.o   -Wl,--start-group,-lxil,-lgcc,-lc,--end-group
../src/drivers.c:166:3: warning: format '%x' expects argument of type 'unsigned int', but argument 2 has type 'int *' [-Wformat]
../src/drivers.c: In function 'printData':
../src/drivers.c:186:3: warning: format '%d' expects argument of type 'int', but argument 2 has type 'u32' [-Wformat]
../src/drivers.c:186:3: warning: format '%x' expects a matching 'unsigned int' argument [-Wformat]
../src/drivers.c:186:3: warning: format '%d' expects argument of type 'int', but argument 2 has type 'u32' [-Wformat]
../src/drivers.c:186:3: warning: format '%x' expects a matching 'unsigned int' argument [-Wformat]
../src/drivers.c: In function 'dumpAllRegs':
../src/drivers.c:197:3: warning: format '%x' expects argument of type 'unsigned int', but argument 3 has type 'u32' [-Wformat]
../src/drivers.c:197:3: warning: format '%x' expects argument of type 'unsigned int', but argument 3 has type 'u32' [-Wformat]
Finished building target: bramExample.elf
 
Invoking: ARM Print Size
arm-xilinx-eabi-size bramExample.elf  |tee "bramExample.elf.size"
   text	   data	    bss	    dec	    hex	filename
  71676	   2288	  30220	 104184	  196f8	bramExample.elf
Finished building: bramExample.elf.size
 
16:50:48 **** Incremental Build of configuration Debug for project bramExample ****
make all 
make: Nothing to be done for `all'.
16:51:10 **** Auto Build of configuration Debug for project bramExample ****
make all 
Building file: ../src/drivers.c
Invoking: ARM gcc compiler
arm-xilinx-eabi-gcc -Wall -O0 -g3 -c -fmessage-length=0 -I../../wideBRAM_bsp/ps7_cortexa9_0/include -MMD -MP -MF"src/drivers.d" -MT"src/drivers.d" -o "src/drivers.o" "../src/drivers.c"
../src/drivers.c: In function 'dma_init':
../src/drivers.c:110:9: warning: implicit declaration of function 'XAxiCdma_IsSimpleMode' [-Wimplicit-function-declaration]
../src/drivers.c: In function 'printArray':
Finished building: ../src/drivers.c
../src/drivers.c:166:3: warning: format '%x' expects argument of type 'unsigned int', but argument 2 has type 'int *' [-Wformat]
../src/drivers.c:166:3: warning: format '%x' expects argument of type 'unsigned int', but argument 2 has type 'int *' [-Wformat]
../src/drivers.c: In function 'printData':
 
../src/drivers.c:186:3: warning: format '%d' expects argument of type 'int', but argument 2 has type 'u32' [-Wformat]
../src/drivers.c:186:3: warning: format '%x' expects argument of type 'unsigned int', but argument 3 has type 'u32' [-Wformat]
Building target: bramExample.elf
Invoking: ARM gcc linker
arm-xilinx-eabi-gcc -Wl,-T -Wl,../src/lscript.ld -L../../wideBRAM_bsp/ps7_cortexa9_0/lib -o "bramExample.elf"  ./src/drivers.o ./src/helloworld.o ./src/platform.o   -Wl,--start-group,-lxil,-lgcc,-lc,--end-group
../src/drivers.c:186:3: warning: format '%d' expects argument of type 'int', but argument 2 has type 'u32' [-Wformat]
../src/drivers.c:186:3: warning: format '%x' expects argument of type 'unsigned int', but argument 3 has type 'u32' [-Wformat]
Finished building target: bramExample.elf
 
Invoking: ARM Print Size
arm-xilinx-eabi-size bramExample.elf  |tee "bramExample.elf.size"
../src/drivers.c: In function 'dumpAllRegs':
../src/drivers.c:197:3: warning: format '%x' expects argument of type 'unsigned int', but argument 3 has type 'u32' [-Wformat]
   text	   data	    bss	    dec	    hex	filename
  71684	   2288	  30220	 104192	  19700	bramExample.elf
../src/drivers.c:197:3: warning: format '%x' expects argument of type 'unsigned int', but argument 3 has type 'u32' [-Wformat]
Finished building: bramExample.elf.size
 
16:51:12 **** Incremental Build of configuration Debug for project bramExample ****
make all 
make: Nothing to be done for `all'.
16:51:35 **** Auto Build of configuration Debug for project bramExample ****
make all 
Building file: ../src/drivers.c
Invoking: ARM gcc compiler
arm-xilinx-eabi-gcc -Wall -O0 -g3 -c -fmessage-length=0 -I../../wideBRAM_bsp/ps7_cortexa9_0/include -MMD -MP -MF"src/drivers.d" -MT"src/drivers.d" -o "src/drivers.o" "../src/drivers.c"
../src/drivers.c: In function 'dma_init':
../src/drivers.c:110:9: warning: implicit declaration of function 'XAxiCdma_IsSimpleMode' [-Wimplicit-function-declaration]
../src/drivers.c: In function 'printArray':
../src/drivers.c:166:3: warning: format '%x' expects argument of type 'unsigned int', but argument 2 has type 'int *' [-Wformat]
Finished building: ../src/drivers.c
 
Building target: bramExample.elf
Invoking: ARM gcc linker
arm-xilinx-eabi-gcc -Wl,-T -Wl,../src/lscript.ld -L../../wideBRAM_bsp/ps7_cortexa9_0/lib -o "bramExample.elf"  ./src/drivers.o ./src/helloworld.o ./src/platform.o   -Wl,--start-group,-lxil,-lgcc,-lc,--end-group
../src/drivers.c:166:3: warning: format '%x' expects argument of type 'unsigned int', but argument 2 has type 'int *' [-Wformat]
../src/drivers.c: In function 'printData':
../src/drivers.c:186:3: warning: format '%d' expects argument of type 'int', but argument 2 has type 'u32' [-Wformat]
../src/drivers.c:186:3: warning: format '%x' expects argument of type 'unsigned int', but argument 3 has type 'u32' [-Wformat]
../src/drivers.c:186:3: warning: format '%d' expects argument of type 'int', but argument 2 has type 'u32' [-Wformat]
../src/drivers.c:186:3: warning: format '%x' expects argument of type 'unsigned int', but argument 3 has type 'u32' [-Wformat]
../src/drivers.c: In function 'dumpAllRegs':
../src/drivers.c:197:3: warning: format '%x' expects argument of type 'unsigned int', but argument 3 has type 'u32' [-Wformat]
Finished building target: bramExample.elf
 
../src/drivers.c:197:3: warning: format '%x' expects argument of type 'unsigned int', but argument 3 has type 'u32' [-Wformat]
Invoking: ARM Print Size
arm-xilinx-eabi-size bramExample.elf  |tee "bramExample.elf.size"
   text	   data	    bss	    dec	    hex	filename
  71684	   2288	  30220	 104192	  19700	bramExample.elf
Finished building: bramExample.elf.size
 
16:51:36 **** Incremental Build of configuration Debug for project bramExample ****
make all 
make: Nothing to be done for `all'.
17:33:38 **** Auto Build of project wideBRAM_bsp ****
make -k all 
Finished building libraries
17:33:45 **** Clean-only build of project wideBRAM_bsp ****
make -k clean 
rm -rf ps7_cortexa9_0
17:33:45 **** Clean-only build of configuration Debug for project bramExample ****
make clean 
rm -rf  ./src/drivers.o ./src/helloworld.o ./src/platform.o  ./src/drivers.d ./src/helloworld.d ./src/platform.d  bramExample.elf.size  bramExample.elf
 
17:33:46 **** Build of project wideBRAM_bsp ****
make -k all 
libgen -hw ../wideBRAM/system.xml\
	       \
	       -pe ps7_cortexa9_0 \
	       -log libgen.log \
	       system.mss
libgen
Xilinx EDK 2013.3 Build EDK_P.20131013
Copyright (c) 1995-2012 Xilinx, Inc.  All rights reserved.

Command Line: libgen -hw ../wideBRAM/system.xml -pe ps7_cortexa9_0 -log
libgen.log system.mss 


Staging source files.
Running DRCs.
Running generate.
Running post_generate.
Running include - 'gmake -s include "COMPILER=arm-xilinx-eabi-gcc"
"ARCHIVER=arm-xilinx-eabi-ar" "COMPILER_FLAGS= -O2 -c"
"EXTRA_COMPILER_FLAGS=-g"'.

Running libs - 'gmake -s libs "COMPILER=arm-xilinx-eabi-gcc"
"ARCHIVER=arm-xilinx-eabi-ar" "COMPILER_FLAGS= -O2 -c"
"EXTRA_COMPILER_FLAGS=-g"'.
Compiling common
arm-xilinx-eabi-ar: creating ../../../lib/libxil.a
Compiling standalone
Compiling axicdma
Compiling devcfg
Compiling dmaps
Compiling emacps
Compiling gpiops
Compiling iicps
Compiling qspips
Compiling scugic
Compiling scutimer
Compiling scuwdt
Compiling ttcps
Compiling uartps
Compiling usbps
Compiling xadcps
Compiling cpu_cortexa9
Running execs_generate.
Finished building libraries
17:34:06 **** Build of configuration Debug for project bramExample ****
make all 
Building file: ../src/drivers.c
Invoking: ARM gcc compiler
arm-xilinx-eabi-gcc -Wall -O0 -g3 -c -fmessage-length=0 -I../../wideBRAM_bsp/ps7_cortexa9_0/include -MMD -MP -MF"src/drivers.d" -MT"src/drivers.d" -o "src/drivers.o" "../src/drivers.c"
../src/drivers.c: In function 'dma_init':
../src/drivers.c:110:9: warning: implicit declaration of function 'XAxiCdma_IsSimpleMode' [-Wimplicit-function-declaration]
../src/drivers.c: In function 'printArray':
../src/drivers.c:166:3: warning: format '%x' expects argument of type 'unsigned int', but argument 2 has type 'int *' [-Wformat]
Finished building: ../src/drivers.c
../src/drivers.c:166:3: warning: format '%x' expects argument of type 'unsigned int', but argument 2 has type 'int *' [-Wformat]
../src/drivers.c: In function 'printData':
../src/drivers.c:186:3: warning: format '%d' expects argument of type 'int', but argument 2 has type 'u32' [-Wformat]
 
../src/drivers.c:186:3: warning: format '%x' expects argument of type 'unsigned int', but argument 3 has type 'u32' [-Wformat]
../src/drivers.c:186:3: warning: format '%d' expects argument of type 'int', but argument 2 has type 'u32' [-Wformat]
../src/drivers.c:186:3: warning: format '%x' expects argument of type 'unsigned int', but argument 3 has type 'u32' [-Wformat]
Building file: ../src/helloworld.c
Invoking: ARM gcc compiler
arm-xilinx-eabi-gcc -Wall -O0 -g3 -c -fmessage-length=0 -I../../wideBRAM_bsp/ps7_cortexa9_0/include -MMD -MP -MF"src/helloworld.d" -MT"src/helloworld.d" -o "src/helloworld.o" "../src/helloworld.c"
../src/drivers.c: In function 'dumpAllRegs':
../src/drivers.c:197:3: warning: format '%x' expects argument of type 'unsigned int', but argument 3 has type 'u32' [-Wformat]
../src/drivers.c:197:3: warning: format '%x' expects argument of type 'unsigned int', but argument 3 has type 'u32' [-Wformat]
../src/helloworld.c: In function 'main':
../src/helloworld.c:55:5: warning: implicit declaration of function 'init' [-Wimplicit-function-declaration]
../src/helloworld.c:56:5: warning: implicit declaration of function 'Xil_DCacheDisable' [-Wimplicit-function-declaration]
Finished building: ../src/helloworld.c
 
Building file: ../src/platform.c
Invoking: ARM gcc compiler
arm-xilinx-eabi-gcc -Wall -O0 -g3 -c -fmessage-length=0 -I../../wideBRAM_bsp/ps7_cortexa9_0/include -MMD -MP -MF"src/platform.d" -MT"src/platform.d" -o "src/platform.o" "../src/platform.c"
Finished building: ../src/platform.c
../src/helloworld.c:65:6: warning: implicit declaration of function 'printData' [-Wimplicit-function-declaration]
../src/helloworld.c:73:5: warning: implicit declaration of function 'simpleCopy' [-Wimplicit-function-declaration]
 
Building target: bramExample.elf
Invoking: ARM gcc linker
arm-xilinx-eabi-gcc -Wl,-T -Wl,../src/lscript.ld -L../../wideBRAM_bsp/ps7_cortexa9_0/lib -o "bramExample.elf"  ./src/drivers.o ./src/helloworld.o ./src/platform.o   -Wl,--start-group,-lxil,-lgcc,-lc,--end-group
Finished building target: bramExample.elf
 
Invoking: ARM Print Size
arm-xilinx-eabi-size bramExample.elf  |tee "bramExample.elf.size"
   text	   data	    bss	    dec	    hex	filename
  71684	   2288	  30220	 104192	  19700	bramExample.elf
Finished building: bramExample.elf.size
 
17:35:05 **** Auto Build of configuration Debug for project bramExample ****
make all 
Building file: ../src/helloworld.c
Invoking: ARM gcc compiler
arm-xilinx-eabi-gcc -Wall -O0 -g3 -c -fmessage-length=0 -I../../wideBRAM_bsp/ps7_cortexa9_0/include -MMD -MP -MF"src/helloworld.d" -MT"src/helloworld.d" -o "src/helloworld.o" "../src/helloworld.c"
../src/helloworld.c: In function 'main':
../src/helloworld.c:55:5: warning: implicit declaration of function 'init' [-Wimplicit-function-declaration]
../src/helloworld.c:56:5: warning: implicit declaration of function 'Xil_DCacheDisable' [-Wimplicit-function-declaration]
Finished building: ../src/helloworld.c
 
Building target: bramExample.elf
Invoking: ARM gcc linker
arm-xilinx-eabi-gcc -Wl,-T -Wl,../src/lscript.ld -L../../wideBRAM_bsp/ps7_cortexa9_0/lib -o "bramExample.elf"  ./src/drivers.o ./src/helloworld.o ./src/platform.o   -Wl,--start-group,-lxil,-lgcc,-lc,--end-group
../src/helloworld.c:65:6: warning: implicit declaration of function 'printData' [-Wimplicit-function-declaration]
../src/helloworld.c:73:5: warning: implicit declaration of function 'simpleCopy' [-Wimplicit-function-declaration]
Finished building target: bramExample.elf
 
Invoking: ARM Print Size
arm-xilinx-eabi-size bramExample.elf  |tee "bramExample.elf.size"
   text	   data	    bss	    dec	    hex	filename
  71700	   2288	  30220	 104208	  19710	bramExample.elf
Finished building: bramExample.elf.size
 
17:35:11 **** Incremental Build of configuration Debug for project bramExample ****
make all 
make: Nothing to be done for `all'.
